<html>
<body>
<pre>
<h1>µVision Build Log</h1>
<h2>Tool Versions:</h2>
IDE-Version: ¦ÌVision V5.14.0.0
Copyright (C) 2015 ARM Ltd and ARM Germany GmbH. All rights reserved.
License Information: NO1 NO1, NO1, LIC=2TTQD-8CKKF-UMQ9A-11XDV-GT95B-ZU3EH
 
Tool Versions:
Toolchain:       MDK-ARM Professional  Version: 5.14.0.0
Toolchain Path:  E:\Keil_v5\ARM\ARMCC\Bin
C Compiler:      Armcc.exe V5.05 update 1 (build 106)
Assembler:       Armasm.exe V5.05 update 1 (build 106)
Linker/Locator:  ArmLink.exe V5.05 update 1 (build 106)
Library Manager: ArmAr.exe V5.05 update 1 (build 106)
Hex Converter:   FromElf.exe V5.05 update 1 (build 106)
CPU DLL:         SARMCM3.DLL V5.14.0.0
Dialog DLL:      DCM.DLL V1.13.1.0
Target DLL:      STLink\ST-LINKIII-KEIL_SWO.dll V2.0.14.0_KEIL
Dialog DLL:      TCM.DLL V1.14.4.0
 
<h2>Project:</h2>
C:\Users\NO1\Desktop\STM32\765_1228_test_ok\KEIL\765IGkx.uvprojx
Project File Date:  12/26/2018

<h2>Output:</h2>
Rebuild target '765IGkx'
assembling startup_stm32f765xx.s...
compiling led.c...
compiling romflash.c...
compiling key.c...
compiling dma.c...
compiling i2c1.c...
compiling i2c2.c...
compiling i2c3.c...
compiling i2c4.c...
compiling spi1.c...
..\driver\spi\spi1.c(36): warning:  #177-D: variable "i" was declared but never referenced
        uint32_t i;
..\driver\spi\spi1.c(158): warning:  #940-D: missing return statement at end of non-void function "getenPollint"
  }
..\driver\spi\spi1.c: 2 warnings, 0 errors
compiling spi4.c...
compiling spi5.c...
..\driver\spi\spi5.c(209): warning:  #177-D: variable "i" was declared but never referenced
      uint8_t i;
..\driver\spi\spi5.c(337): warning:  #223-D: function "udp_GetState" declared implicitly
      } else if(udp_GetState() == HAL_ETH_STATE_READY && get_remoteLwip_udp_link()){
..\driver\spi\spi5.c(390): warning:  #223-D: function "Link_Callback" declared implicitly
                Link_Callback();
..\driver\spi\spi5.c(381): warning:  #177-D: variable "regvalue" was declared but never referenced
        uint32_t regvalue=0;
..\driver\spi\spi5.c(36): warning:  #177-D: variable "flow_lock" was declared but never referenced
  static char flow_lock = 0;
..\driver\spi\spi5.c: 5 warnings, 0 errors
compiling uart2.c...
compiling uart4.c...
compiling uart6.c...
compiling i2s2.c...
..\driver\i2s\i2s2.c(135): warning:  #223-D: function "udp_GetState" declared implicitly
                        if(udp_GetState() == HAL_ETH_STATE_READY && get_remoteLwip_udp_link())
..\driver\i2s\i2s2.c: 1 warning, 0 errors
compiling i2s3.c...
compiling uart3.c...
compiling spi_common.c...
compiling main.c...
..\app\main.c(192): warning:  #223-D: function "ethernetif_init" declared implicitly
      ethernetif_init();
..\app\main.c: 1 warning, 0 errors
compiling ethernetif.c...
..\app\ethernetif.c(200): warning:  #550-D: variable "hal_eth_init_status" was set but never used
    HAL_StatusTypeDef hal_eth_init_status;
..\app\ethernetif.c: 1 warning, 0 errors
compiling stm32f7xx_hal_msp.c...
compiling stm32f7xx_it.c...
compiling system_stm32f7xx.c...
compiling pollint.c...
..\app\pollint.c(330): warning:  #223-D: function "PollintEth" declared implicitly
                PollintEth();
..\app\pollint.c: 1 warning, 0 errors
compiling udp_api.c...
compiling eventManage.c...
compiling power.c...
compiling config_env.c...
..\app\config_env.c(110): warning:  #177-D: function "config_data_init" was declared but never referenced
  static void config_data_init(void)
..\app\config_env.c: 1 warning, 0 errors
compiling mboot.c...
compiling tsmux.c...
..\app\tsmux.c(308): warning:  #188-D: enumerated type mixed with another type
          return -(uint64_t)tsmux_av_rescale_rnd(-FFMAX(a, -INT64_MAX), b, c, rnd ^ ((rnd >> 1) & 1));
..\app\tsmux.c(777): warning:  #177-D: variable "payload_size" was declared but never referenced
        int payload_size;
..\app\tsmux.c(843): warning:  #223-D: function "udp_GetState" declared implicitly
        if(ts_st_a.payload_size == 0  && udp_GetState() == HAL_ETH_STATE_READY)
..\app\tsmux.c(63): warning:  #177-D: variable "tsPreCnt" was declared but never referenced
  static uint64_t tsPreCnt = 0;
..\app\tsmux.c(662): warning:  #177-D: function "av_q2d" was declared but never referenced
  static inline double av_q2d(AVRational a)
..\app\tsmux.c: 5 warnings, 0 errors
compiling stm32f7xx_hal_rcc.c...
compiling stm32f7xx_hal_pwr.c...
compiling stm32f7xx_hal_dma.c...
compiling stm32f7xx_hal.c...
compiling stm32f7xx_hal_dma_ex.c...
compiling stm32f7xx_hal_tim_ex.c...
compiling stm32f7xx_hal_pwr_ex.c...
compiling stm32f7xx_hal_i2c.c...
compiling stm32f7xx_hal_cortex.c...
compiling stm32f7xx_hal_flash_ex.c...
compiling stm32f7xx_hal_eth.c...
compiling stm32f7xx_hal_i2c_ex.c...
compiling stm32f7xx_hal_tim.c...
compiling stm32f7xx_hal_gpio.c...
compiling stm32f7xx_hal_flash.c...
compiling stm32f7xx_hal_rcc_ex.c...
compiling stm32f7xx_hal_uart.c...
compiling stm32f7xx_hal_spi.c...
compiling stm32f7xx_hal_i2s.c...
compiling mp2.c...
..\audio\mp2.c(392): warning:  #550-D: variable "num_output_bytes_produced" was set but never used
      int num_output_bytes_produced;
..\audio\mp2.c: 1 warning, 0 errors
compiling mpegaudio.c...
compiling mpegaudiodata.c...
compiling mpegaudioenc.c...
compiling log.c...
compiling mathematics.c...
..\audio\libavutil\mathematics.c(68): warning:  #186-D: pointless comparison of unsigned integer with zero
      assert(rnd >=0 && rnd<=5 && rnd!=4);
..\audio\libavutil\mathematics.c(68): warning:  #186-D: pointless comparison of unsigned integer with zero
      assert(rnd >=0 && rnd<=5 && rnd!=4);
..\audio\libavutil\mathematics.c(70): warning:  #188-D: enumerated type mixed with another type
      if(a<0 && a != INT64_MIN) return -av_rescale_rnd(-a, b, c, rnd ^ ((rnd>>1)&1));
..\audio\libavutil\mathematics.c: 3 warnings, 0 errors
compiling mem.c...
linking...
Program Size: Code=40372 RO-data=8108 RW-data=560 ZI-data=131576  
FromELF: creating hex file...
"..\out\camera_dba.axf" - 0 Error(s), 21 Warning(s).

<h2>Collection of Component include folders:</h2>
  C:\Users\NO1\Desktop\STM32\765_1228_test_ok\KEIL\RTE
  E:\Keil_v5\ARM\PACK\Keil\STM32F7xx_DFP\2.7.0

<h2>Collection of Component Files used:</h2>
</pre>
</body>
</html>
