Component: ARM Compiler 5.05 update 1 (build 106) Tool: armlink [4d0efa]

==============================================================================

Section Cross References

    startup_stm32f765xx.o(RESET) refers to startup_stm32f765xx.o(STACK) for __initial_sp
    startup_stm32f765xx.o(RESET) refers to startup_stm32f765xx.o(.text) for Reset_Handler
    startup_stm32f765xx.o(RESET) refers to stm32f7xx_it.o(i.NMI_Handler) for NMI_Handler
    startup_stm32f765xx.o(RESET) refers to stm32f7xx_it.o(i.HardFault_Handler) for HardFault_Handler
    startup_stm32f765xx.o(RESET) refers to stm32f7xx_it.o(i.MemManage_Handler) for MemManage_Handler
    startup_stm32f765xx.o(RESET) refers to stm32f7xx_it.o(i.BusFault_Handler) for BusFault_Handler
    startup_stm32f765xx.o(RESET) refers to stm32f7xx_it.o(i.UsageFault_Handler) for UsageFault_Handler
    startup_stm32f765xx.o(RESET) refers to stm32f7xx_it.o(i.SVC_Handler) for SVC_Handler
    startup_stm32f765xx.o(RESET) refers to stm32f7xx_it.o(i.DebugMon_Handler) for DebugMon_Handler
    startup_stm32f765xx.o(RESET) refers to stm32f7xx_it.o(i.PendSV_Handler) for PendSV_Handler
    startup_stm32f765xx.o(RESET) refers to stm32f7xx_it.o(i.SysTick_Handler) for SysTick_Handler
    startup_stm32f765xx.o(RESET) refers to stm32f7xx_it.o(i.EXTI0_IRQHandler) for EXTI0_IRQHandler
    startup_stm32f765xx.o(RESET) refers to stm32f7xx_it.o(i.DMA1_Stream3_IRQHandler) for DMA1_Stream3_IRQHandler
    startup_stm32f765xx.o(RESET) refers to stm32f7xx_it.o(i.EXTI9_5_IRQHandler) for EXTI9_5_IRQHandler
    startup_stm32f765xx.o(RESET) refers to stm32f7xx_it.o(i.TIM3_IRQHandler) for TIM3_IRQHandler
    startup_stm32f765xx.o(RESET) refers to stm32f7xx_it.o(i.I2C1_EV_IRQHandler) for I2C1_EV_IRQHandler
    startup_stm32f765xx.o(RESET) refers to stm32f7xx_it.o(i.I2C2_EV_IRQHandler) for I2C2_EV_IRQHandler
    startup_stm32f765xx.o(RESET) refers to stm32f7xx_it.o(i.SPI1_IRQHandler) for SPI1_IRQHandler
    startup_stm32f765xx.o(RESET) refers to stm32f7xx_it.o(i.SPI2_IRQHandler) for SPI2_IRQHandler
    startup_stm32f765xx.o(RESET) refers to stm32f7xx_it.o(i.USART2_IRQHandler) for USART2_IRQHandler
    startup_stm32f765xx.o(RESET) refers to stm32f7xx_it.o(i.USART3_IRQHandler) for USART3_IRQHandler
    startup_stm32f765xx.o(RESET) refers to stm32f7xx_it.o(i.UART4_IRQHandler) for UART4_IRQHandler
    startup_stm32f765xx.o(RESET) refers to stm32f7xx_it.o(i.DMA2_Stream3_IRQHandler) for DMA2_Stream3_IRQHandler
    startup_stm32f765xx.o(RESET) refers to stm32f7xx_it.o(i.ETH_IRQHandler) for ETH_IRQHandler
    startup_stm32f765xx.o(RESET) refers to stm32f7xx_it.o(i.DMA2_Stream5_IRQHandler) for DMA2_Stream5_IRQHandler
    startup_stm32f765xx.o(RESET) refers to stm32f7xx_it.o(i.USART6_IRQHandler) for USART6_IRQHandler
    startup_stm32f765xx.o(RESET) refers to stm32f7xx_it.o(i.I2C3_EV_IRQHandler) for I2C3_EV_IRQHandler
    startup_stm32f765xx.o(RESET) refers to stm32f7xx_it.o(i.I2C4_EV_IRQHandler) for I2C4_EV_IRQHandler
    startup_stm32f765xx.o(.text) refers to system_stm32f7xx.o(i.SystemInit) for SystemInit
    startup_stm32f765xx.o(.text) refers to entry.o(.ARM.Collect$$$$00000000) for __main
    led.o(i.Led1_Set) refers to stm32f7xx_hal_gpio.o(i.HAL_GPIO_WritePin) for HAL_GPIO_WritePin
    led.o(i.Led2_Set) refers to stm32f7xx_hal_gpio.o(i.HAL_GPIO_WritePin) for HAL_GPIO_WritePin
    led.o(i.Led_Test) refers to led.o(i.Led2_Set) for Led2_Set
    led.o(i.Led_Test) refers to led.o(.data) for .data
    led.o(i.MX_LED_Init) refers to stm32f7xx_hal_gpio.o(i.HAL_GPIO_WritePin) for HAL_GPIO_WritePin
    led.o(i.MX_LED_Init) refers to stm32f7xx_hal_gpio.o(i.HAL_GPIO_Init) for HAL_GPIO_Init
    led.o(i.MX_LED_Init) refers to led.o(.data) for .data
    led.o(i.Status_busy) refers to led.o(i.Led1_Set) for Led1_Set
    led.o(i.led_Par_Init) refers to led.o(.data) for .data
    romflash.o(i.GetSector) refers to printfa.o(i.__0printf) for __2printf
    romflash.o(i.romflash_byte_write) refers to stm32f7xx_hal_flash.o(i.HAL_FLASH_Unlock) for HAL_FLASH_Unlock
    romflash.o(i.romflash_byte_write) refers to stm32f7xx_hal_flash.o(i.HAL_FLASH_Program) for HAL_FLASH_Program
    romflash.o(i.romflash_byte_write) refers to printfa.o(i.__0printf) for __2printf
    romflash.o(i.romflash_byte_write) refers to stm32f7xx_hal_flash.o(i.HAL_FLASH_Lock) for HAL_FLASH_Lock
    romflash.o(i.romflash_clean_pages) refers to stm32f7xx_hal_flash.o(i.HAL_FLASH_Unlock) for HAL_FLASH_Unlock
    romflash.o(i.romflash_clean_pages) refers to romflash.o(i.GetSector) for GetSector
    romflash.o(i.romflash_clean_pages) refers to printfa.o(i.__0printf) for __2printf
    romflash.o(i.romflash_clean_pages) refers to stm32f7xx_hal_flash_ex.o(i.HAL_FLASHEx_Erase) for HAL_FLASHEx_Erase
    romflash.o(i.romflash_clean_pages) refers to stm32f7xx_hal_flash.o(i.HAL_FLASH_Lock) for HAL_FLASH_Lock
    romflash.o(i.romflash_dual_mode) refers to stm32f7xx_hal_flash.o(i.HAL_FLASH_OB_Unlock) for HAL_FLASH_OB_Unlock
[...]
    RNG_IRQHandler                           0x08000227   Thumb Code     0  startup_stm32f765xx.o(.text)
    RTC_Alarm_IRQHandler                     0x08000227   Thumb Code     0  startup_stm32f765xx.o(.text)
    RTC_WKUP_IRQHandler                      0x08000227   Thumb Code     0  startup_stm32f765xx.o(.text)
    SAI1_IRQHandler                          0x08000227   Thumb Code     0  startup_stm32f765xx.o(.text)
    SAI2_IRQHandler                          0x08000227   Thumb Code     0  startup_stm32f765xx.o(.text)
    SDMMC1_IRQHandler                        0x08000227   Thumb Code     0  startup_stm32f765xx.o(.text)
    SDMMC2_IRQHandler                        0x08000227   Thumb Code     0  startup_stm32f765xx.o(.text)
    SPDIF_RX_IRQHandler                      0x08000227   Thumb Code     0  startup_stm32f765xx.o(.text)
    SPI3_IRQHandler                          0x08000227   Thumb Code     0  startup_stm32f765xx.o(.text)
    SPI4_IRQHandler                          0x08000227   Thumb Code     0  startup_stm32f765xx.o(.text)
    SPI5_IRQHandler                          0x08000227   Thumb Code     0  startup_stm32f765xx.o(.text)
    SPI6_IRQHandler                          0x08000227   Thumb Code     0  startup_stm32f765xx.o(.text)
    TAMP_STAMP_IRQHandler                    0x08000227   Thumb Code     0  startup_stm32f765xx.o(.text)
    TIM1_BRK_TIM9_IRQHandler                 0x08000227   Thumb Code     0  startup_stm32f765xx.o(.text)
    TIM1_CC_IRQHandler                       0x08000227   Thumb Code     0  startup_stm32f765xx.o(.text)
    TIM1_TRG_COM_TIM11_IRQHandler            0x08000227   Thumb Code     0  startup_stm32f765xx.o(.text)
    TIM1_UP_TIM10_IRQHandler                 0x08000227   Thumb Code     0  startup_stm32f765xx.o(.text)
    TIM2_IRQHandler                          0x08000227   Thumb Code     0  startup_stm32f765xx.o(.text)
    TIM4_IRQHandler                          0x08000227   Thumb Code     0  startup_stm32f765xx.o(.text)
    TIM5_IRQHandler                          0x08000227   Thumb Code     0  startup_stm32f765xx.o(.text)
    TIM6_DAC_IRQHandler                      0x08000227   Thumb Code     0  startup_stm32f765xx.o(.text)
    TIM7_IRQHandler                          0x08000227   Thumb Code     0  startup_stm32f765xx.o(.text)
    TIM8_BRK_TIM12_IRQHandler                0x08000227   Thumb Code     0  startup_stm32f765xx.o(.text)
    TIM8_CC_IRQHandler                       0x08000227   Thumb Code     0  startup_stm32f765xx.o(.text)
    TIM8_TRG_COM_TIM14_IRQHandler            0x08000227   Thumb Code     0  startup_stm32f765xx.o(.text)
    TIM8_UP_TIM13_IRQHandler                 0x08000227   Thumb Code     0  startup_stm32f765xx.o(.text)
    UART5_IRQHandler                         0x08000227   Thumb Code     0  startup_stm32f765xx.o(.text)
    UART7_IRQHandler                         0x08000227   Thumb Code     0  startup_stm32f765xx.o(.text)
    UART8_IRQHandler                         0x08000227   Thumb Code     0  startup_stm32f765xx.o(.text)
    USART1_IRQHandler                        0x08000227   Thumb Code     0  startup_stm32f765xx.o(.text)
    WWDG_IRQHandler                          0x08000227   Thumb Code     0  startup_stm32f765xx.o(.text)
    __aeabi_ldivmod                          0x08000231   Thumb Code    98  ldiv.o(.text)
    __aeabi_llsr                             0x08000293   Thumb Code    32  llushr.o(.text)
    _ll_ushift_r                             0x08000293   Thumb Code     0  llushr.o(.text)
    ___aeabi_memcpy4$move                    0x080002b3   Thumb Code     0  memmovea.o(.text)
    ___aeabi_memcpy8$move                    0x080002b3   Thumb Code     0  memmovea.o(.text)
    __aeabi_memcpy                           0x080002b3   Thumb Code    64  memmovea.o(.text)
    __aeabi_memmove                          0x080002b3   Thumb Code     0  memmovea.o(.text)
    __aeabi_memmove4                         0x080002b3   Thumb Code     0  memmovea.o(.text)
    __aeabi_memmove8                         0x080002b3   Thumb Code     0  memmovea.o(.text)
    __aeabi_memset                           0x080002f3   Thumb Code    14  memseta.o(.text)
    __aeabi_memset4                          0x080002f3   Thumb Code     0  memseta.o(.text)
    __aeabi_memset8                          0x080002f3   Thumb Code     0  memseta.o(.text)
    __aeabi_memclr                           0x08000301   Thumb Code     4  memseta.o(.text)
    __aeabi_memclr4                          0x08000301   Thumb Code     0  memseta.o(.text)
    __aeabi_memclr8                          0x08000301   Thumb Code     0  memseta.o(.text)
    _memset$wrapper                          0x08000305   Thumb Code    18  memseta.o(.text)
    strlen                                   0x08000317   Thumb Code    14  strlen.o(.text)
    strcmp                                   0x08000325   Thumb Code    28  strcmp.o(.text)
    memcmp                                   0x08000341   Thumb Code    26  memcmp.o(.text)
    strcpy                                   0x0800035b   Thumb Code    18  strcpy.o(.text)
    __aeabi_uidiv                            0x0800036d   Thumb Code     0  uidiv.o(.text)
    __aeabi_uidivmod                         0x0800036d   Thumb Code    44  uidiv.o(.text)
    __aeabi_uldivmod                         0x08000399   Thumb Code    98  uldiv.o(.text)
    DebugMon_Handler                         0x080003fb   Thumb Code     2  stm32f7xx_it.o(i.DebugMon_Handler)
    __I$use$fp                               0x080003fb   Thumb Code     0  iusefp.o(.text)
    HAL_I2S_ErrorCallback                    0x080003fd   Thumb Code     2  stm32f7xx_hal_i2s.o(i.HAL_I2S_ErrorCallback)
    HAL_I2S_RxHalfCpltCallback               0x080003ff   Thumb Code     2  stm32f7xx_hal_i2s.o(i.HAL_I2S_RxHalfCpltCallback)
    variable1                                0x08000400   Data          32  mboot.o(.ARM.__AT_0x08000400)
    __aeabi_dadd                             0x08000421   Thumb Code   322  dadd.o(.text)
    __aeabi_dsub                             0x08000563   Thumb Code     6  dadd.o(.text)
    __aeabi_drsub                            0x08000569   Thumb Code     6  dadd.o(.text)
    __aeabi_dmul                             0x0800056f   Thumb Code   228  dmul.o(.text)
    __aeabi_ddiv                             0x08000653   Thumb Code   222  ddiv.o(.text)
    __ARM_scalbn                             0x08000731   Thumb Code    46  dscalb.o(.text)
    scalbn                                   0x08000731   Thumb Code     0  dscalb.o(.text)
    __aeabi_d2ulz                            0x0800075f   Thumb Code    48  dfixul.o(.text)
    __aeabi_cdrcmple                         0x08000791   Thumb Code    48  cdrcmple.o(.text)
    __scatterload                            0x080007c1   Thumb Code    28  init.o(.text)
    __scatterload_rt2                        0x080007c1   Thumb Code     0  init.o(.text)
    __aeabi_llsl                             0x080007e5   Thumb Code    30  llshl.o(.text)
    _ll_shift_l                              0x080007e5   Thumb Code     0  llshl.o(.text)
    __aeabi_lasr                             0x08000803   Thumb Code    36  llsshr.o(.text)
    _ll_sshift_r                             0x08000803   Thumb Code     0  llsshr.o(.text)
    _double_round                            0x08000827   Thumb Code    30  depilogue.o(.text)
    _double_epilogue                         0x08000845   Thumb Code   156  depilogue.o(.text)
    __decompress                             0x080008e1   Thumb Code     0  __dczerorl2.o(.text)
    __decompress1                            0x080008e1   Thumb Code    86  __dczerorl2.o(.text)
    BusFault_Handler                         0x08000939   Thumb Code     8  stm32f7xx_it.o(i.BusFault_Handler)
    ClearAllEvent                            0x08000a75   Thumb Code     8  eventmanage.o(i.ClearAllEvent)
    Client_flow_state                        0x08000a7d   Thumb Code    20  spi5.o(i.Client_flow_state)
    DMA1_Stream3_IRQHandler                  0x08000a95   Thumb Code     6  stm32f7xx_it.o(i.DMA1_Stream3_IRQHandler)
    DMA2_Stream3_IRQHandler                  0x08000aa1   Thumb Code     6  stm32f7xx_it.o(i.DMA2_Stream3_IRQHandler)
    DMA2_Stream5_IRQHandler                  0x08000aad   Thumb Code     6  stm32f7xx_it.o(i.DMA2_Stream5_IRQHandler)
    DownloadConfig                           0x08000c15   Thumb Code    38  config_env.o(i.DownloadConfig)
    DownloadProgram                          0x08000c41   Thumb Code    72  mboot.o(i.DownloadProgram)
    ETH_IRQHandler                           0x08000cc1   Thumb Code     6  stm32f7xx_it.o(i.ETH_IRQHandler)
    EXTI0_IRQHandler                         0x08000df1   Thumb Code     6  stm32f7xx_it.o(i.EXTI0_IRQHandler)
    EXTI9_5_IRQHandler                       0x08000df7   Thumb Code     8  stm32f7xx_it.o(i.EXTI9_5_IRQHandler)
    En_RX_Flow_Ctrl                          0x08000e01   Thumb Code    40  spi5.o(i.En_RX_Flow_Ctrl)
    FLASH_Erase_Sector                       0x08000e8d   Thumb Code    86  stm32f7xx_hal_flash_ex.o(i.FLASH_Erase_Sector)
    FLASH_WaitForLastOperation               0x08001025   Thumb Code    76  stm32f7xx_hal_flash.o(i.FLASH_WaitForLastOperation)
    GetTSmuxAudioState                       0x080011f5   Thumb Code    24  tsmux.o(i.GetTSmuxAudioState)
    GetTSmuxState                            0x08001211   Thumb Code    12  tsmux.o(i.GetTSmuxState)
    GetWorkMode                              0x08001221   Thumb Code     6  power.o(i.GetWorkMode)
    Get_Audio_enflag                         0x0800122d   Thumb Code     8  tsmux.o(i.Get_Audio_enflag)
    Get_Spi_Lock                             0x08001239   Thumb Code     6  spi5.o(i.Get_Spi_Lock)
    HAL_DMAEx_ChangeMemory                   0x08001245   Thumb Code    14  stm32f7xx_hal_dma_ex.o(i.HAL_DMAEx_ChangeMemory)
    HAL_DMAEx_MultiBufferStart_IT            0x08001255   Thumb Code  2436  stm32f7xx_hal_dma_ex.o(i.HAL_DMAEx_MultiBufferStart_IT)
    HAL_DMAEx_MultiBufferStart_IT_ex         0x08001be5   Thumb Code  2430  stm32f7xx_hal_dma_ex.o(i.HAL_DMAEx_MultiBufferStart_IT_ex)
    HAL_DMA_Abort_IT                         0x08002571   Thumb Code    36  stm32f7xx_hal_dma.o(i.HAL_DMA_Abort_IT)
    HAL_DMA_DeInit                           0x08002595   Thumb Code    86  stm32f7xx_hal_dma.o(i.HAL_DMA_DeInit)
    HAL_DMA_GetState                         0x080025eb   Thumb Code     6  stm32f7xx_hal_dma.o(i.HAL_DMA_GetState)
    HAL_DMA_IRQHandler                       0x080025f1   Thumb Code   414  stm32f7xx_hal_dma.o(i.HAL_DMA_IRQHandler)
    HAL_DMA_Init                             0x08002799   Thumb Code   222  stm32f7xx_hal_dma.o(i.HAL_DMA_Init)
    HAL_Delay                                0x0800287d   Thumb Code    22  stm32f7xx_hal.o(i.HAL_Delay)
    HAL_ETH_DMARxDescListInit                0x08002893   Thumb Code   116  stm32f7xx_hal_eth.o(i.HAL_ETH_DMARxDescListInit)
    HAL_ETH_DMATxDescListInit                0x08002909   Thumb Code   132  stm32f7xx_hal_eth.o(i.HAL_ETH_DMATxDescListInit)
    HAL_ETH_ErrorCallback                    0x0800298d   Thumb Code     6  ethernetif.o(i.HAL_ETH_ErrorCallback)
    HAL_ETH_GetReceivedFrame                 0x080029ad   Thumb Code   126  stm32f7xx_hal_eth.o(i.HAL_ETH_GetReceivedFrame)
    HAL_ETH_GetState                         0x08002a2b   Thumb Code     6  stm32f7xx_hal_eth.o(i.HAL_ETH_GetState)
    HAL_ETH_IRQHandler                       0x08002a31   Thumb Code   118  stm32f7xx_hal_eth.o(i.HAL_ETH_IRQHandler)
    HAL_ETH_Init                             0x08002aa9   Thumb Code   452  stm32f7xx_hal_eth.o(i.HAL_ETH_Init)
    HAL_ETH_MspInit                          0x08002c95   Thumb Code   118  ethernetif.o(i.HAL_ETH_MspInit)
    HAL_ETH_ReadPHYRegister                  0x08002d21   Thumb Code   134  stm32f7xx_hal_eth.o(i.HAL_ETH_ReadPHYRegister)
    HAL_ETH_RxCpltCallback                   0x08002da9   Thumb Code     6  ethernetif.o(i.HAL_ETH_RxCpltCallback)
    HAL_ETH_Start                            0x08002dcd   Thumb Code   132  stm32f7xx_hal_eth.o(i.HAL_ETH_Start)
    HAL_ETH_TransmitFrame                    0x08002e51   Thumb Code   284  stm32f7xx_hal_eth.o(i.HAL_ETH_TransmitFrame)
    HAL_ETH_TxCpltCallback                   0x08002f6d   Thumb Code     6  ethernetif.o(i.HAL_ETH_TxCpltCallback)
    HAL_ETH_WritePHYRegister                 0x08002f91   Thumb Code   122  stm32f7xx_hal_eth.o(i.HAL_ETH_WritePHYRegister)
    HAL_FLASHEx_Erase                        0x0800300d   Thumb Code   134  stm32f7xx_hal_flash_ex.o(i.HAL_FLASHEx_Erase)
    HAL_FLASH_Lock                           0x0800309d   Thumb Code    14  stm32f7xx_hal_flash.o(i.HAL_FLASH_Lock)
    HAL_FLASH_Program                        0x080030b1   Thumb Code   122  stm32f7xx_hal_flash.o(i.HAL_FLASH_Program)
    HAL_FLASH_Unlock                         0x08003135   Thumb Code    28  stm32f7xx_hal_flash.o(i.HAL_FLASH_Unlock)
    HAL_GPIO_EXTI_Callback                   0x0800315d   Thumb Code    20  spi5.o(i.HAL_GPIO_EXTI_Callback)
    HAL_GPIO_EXTI_IRQHandler                 0x08003171   Thumb Code    18  stm32f7xx_hal_gpio.o(i.HAL_GPIO_EXTI_IRQHandler)
    HAL_GPIO_Init                            0x08003189   Thumb Code   418  stm32f7xx_hal_gpio.o(i.HAL_GPIO_Init)
    HAL_GPIO_ReadPin                         0x08003361   Thumb Code    10  stm32f7xx_hal_gpio.o(i.HAL_GPIO_ReadPin)
    HAL_GPIO_WritePin                        0x0800336b   Thumb Code    10  stm32f7xx_hal_gpio.o(i.HAL_GPIO_WritePin)
    HAL_GetTick                              0x08003375   Thumb Code     6  stm32f7xx_hal.o(i.HAL_GetTick)
    HAL_I2C_EV_IRQHandler                    0x08003381   Thumb Code    16  stm32f7xx_hal_i2c.o(i.HAL_I2C_EV_IRQHandler)
    HAL_I2S_IRQHandler                       0x08003391   Thumb Code   220  stm32f7xx_hal_i2s.o(i.HAL_I2S_IRQHandler)
    HAL_I2S_Init                             0x0800346d   Thumb Code   278  stm32f7xx_hal_i2s.o(i.HAL_I2S_Init)
    HAL_I2S_M1RxCpltCallback                 0x08003595   Thumb Code    14  spi_common.o(i.HAL_I2S_M1RxCpltCallback)
    HAL_I2S_MspInit                          0x080035a9   Thumb Code   212  stm32f7xx_hal_msp.o(i.HAL_I2S_MspInit)
    HAL_I2S_Receive_2DMA_EX                  0x080036d5   Thumb Code   192  stm32f7xx_hal_i2s.o(i.HAL_I2S_Receive_2DMA_EX)
    HAL_I2S_RxCpltCallback                   0x080037a5   Thumb Code    14  spi_common.o(i.HAL_I2S_RxCpltCallback)
    HAL_I2S_TxCpltCallback                   0x080037b9   Thumb Code     2  stm32f7xx_hal_i2s.o(i.HAL_I2S_TxCpltCallback)
    HAL_IncTick                              0x080037bd   Thumb Code    10  stm32f7xx_hal.o(i.HAL_IncTick)
    HAL_Init                                 0x080037cd   Thumb Code    22  stm32f7xx_hal.o(i.HAL_Init)
    HAL_InitTick                             0x080037e5   Thumb Code    34  stm32f7xx_hal.o(i.HAL_InitTick)
    HAL_MspInit                              0x0800380d   Thumb Code    88  stm32f7xx_hal_msp.o(i.HAL_MspInit)
    HAL_NVIC_EnableIRQ                       0x08003865   Thumb Code    22  stm32f7xx_hal_cortex.o(i.HAL_NVIC_EnableIRQ)
    HAL_NVIC_SetPriority                     0x0800387d   Thumb Code    60  stm32f7xx_hal_cortex.o(i.HAL_NVIC_SetPriority)
    HAL_NVIC_SetPriorityGrouping             0x080038bd   Thumb Code    28  stm32f7xx_hal_cortex.o(i.HAL_NVIC_SetPriorityGrouping)
    HAL_PWREx_EnableOverDrive                0x080038e1   Thumb Code   100  stm32f7xx_hal_pwr_ex.o(i.HAL_PWREx_EnableOverDrive)
    HAL_RCCEx_PeriphCLKConfig                0x0800394d   Thumb Code  1280  stm32f7xx_hal_rcc_ex.o(i.HAL_RCCEx_PeriphCLKConfig)
    HAL_RCC_ClockConfig                      0x08003e51   Thumb Code   258  stm32f7xx_hal_rcc.o(i.HAL_RCC_ClockConfig)
    HAL_RCC_GetHCLKFreq                      0x08003f65   Thumb Code     6  stm32f7xx_hal_rcc.o(i.HAL_RCC_GetHCLKFreq)
    HAL_RCC_GetPCLK1Freq                     0x08003f71   Thumb Code    20  stm32f7xx_hal_rcc.o(i.HAL_RCC_GetPCLK1Freq)
    HAL_RCC_GetPCLK2Freq                     0x08003f91   Thumb Code    20  stm32f7xx_hal_rcc.o(i.HAL_RCC_GetPCLK2Freq)
    HAL_RCC_GetSysClockFreq                  0x08003fb1   Thumb Code    84  stm32f7xx_hal_rcc.o(i.HAL_RCC_GetSysClockFreq)
    HAL_RCC_OscConfig                        0x08004011   Thumb Code   814  stm32f7xx_hal_rcc.o(i.HAL_RCC_OscConfig)
    HAL_SPI_ErrorCallback                    0x0800434d   Thumb Code    16  spi5.o(i.HAL_SPI_ErrorCallback)
    HAL_SPI_GetState                         0x08004361   Thumb Code     6  stm32f7xx_hal_spi.o(i.HAL_SPI_GetState)
    HAL_SPI_IRQHandler                       0x08004369   Thumb Code   210  stm32f7xx_hal_spi.o(i.HAL_SPI_IRQHandler)
    HAL_SPI_Init                             0x08004441   Thumb Code   196  stm32f7xx_hal_spi.o(i.HAL_SPI_Init)
    HAL_SPI_M1RxCpltCallback                 0x08004505   Thumb Code    14  spi_common.o(i.HAL_SPI_M1RxCpltCallback)
    HAL_SPI_MspInit                          0x08004519   Thumb Code   354  stm32f7xx_hal_msp.o(i.HAL_SPI_MspInit)
    HAL_SPI_Receive_2DMA_ex                  0x080046c5   Thumb Code   240  stm32f7xx_hal_spi.o(i.HAL_SPI_Receive_2DMA_ex)
    HAL_SPI_RxCpltCallback                   0x080047c1   Thumb Code    14  spi_common.o(i.HAL_SPI_RxCpltCallback)
    HAL_SPI_TransmitReceive_IT               0x080047d5   Thumb Code   184  stm32f7xx_hal_spi.o(i.HAL_SPI_TransmitReceive_IT)
    HAL_SPI_Transmit_IT                      0x0800489d   Thumb Code   140  stm32f7xx_hal_spi.o(i.HAL_SPI_Transmit_IT)
    HAL_SPI_TxCpltCallback                   0x08004931   Thumb Code    14  spi_common.o(i.HAL_SPI_TxCpltCallback)
    HAL_SPI_TxRxCpltCallback                 0x08004945   Thumb Code    14  spi_common.o(i.HAL_SPI_TxRxCpltCallback)
    HAL_SYSTICK_CLKSourceConfig              0x08004959   Thumb Code    24  stm32f7xx_hal_cortex.o(i.HAL_SYSTICK_CLKSourceConfig)
    HAL_SYSTICK_Callback                     0x08004971   Thumb Code     2  stm32f7xx_hal_cortex.o(i.HAL_SYSTICK_Callback)
    HAL_SYSTICK_Config                       0x08004973   Thumb Code    38  stm32f7xx_hal_cortex.o(i.HAL_SYSTICK_Config)
    HAL_SYSTICK_IRQHandler                   0x08004999   Thumb Code     8  stm32f7xx_hal_cortex.o(i.HAL_SYSTICK_IRQHandler)
    HAL_TIMEx_BreakCallback                  0x080049a1   Thumb Code     2  stm32f7xx_hal_tim_ex.o(i.HAL_TIMEx_BreakCallback)
    HAL_TIMEx_CommutationCallback            0x080049a3   Thumb Code     2  stm32f7xx_hal_tim_ex.o(i.HAL_TIMEx_CommutationCallback)
    HAL_TIM_Base_Init                        0x080049a5   Thumb Code    54  stm32f7xx_hal_tim.o(i.HAL_TIM_Base_Init)
    HAL_TIM_Base_MspInit                     0x080049dd   Thumb Code    50  stm32f7xx_hal_msp.o(i.HAL_TIM_Base_MspInit)
    HAL_TIM_Base_Start_IT                    0x08004a19   Thumb Code    24  stm32f7xx_hal_tim.o(i.HAL_TIM_Base_Start_IT)
    HAL_TIM_IC_CaptureCallback               0x08004a31   Thumb Code     2  stm32f7xx_hal_tim.o(i.HAL_TIM_IC_CaptureCallback)
    HAL_TIM_IRQHandler                       0x08004a33   Thumb Code   382  stm32f7xx_hal_tim.o(i.HAL_TIM_IRQHandler)
    HAL_TIM_OC_DelayElapsedCallback          0x08004bb1   Thumb Code     2  stm32f7xx_hal_tim.o(i.HAL_TIM_OC_DelayElapsedCallback)
    HAL_TIM_PWM_PulseFinishedCallback        0x08004bb3   Thumb Code     2  stm32f7xx_hal_tim.o(i.HAL_TIM_PWM_PulseFinishedCallback)
    HAL_TIM_PeriodElapsedCallback            0x08004bb5   Thumb Code     2  pollint.o(i.HAL_TIM_PeriodElapsedCallback)
    HAL_TIM_TriggerCallback                  0x08004bb7   Thumb Code     2  stm32f7xx_hal_tim.o(i.HAL_TIM_TriggerCallback)
    HAL_UART_ErrorCallback                   0x08004bb9   Thumb Code     2  stm32f7xx_hal_uart.o(i.HAL_UART_ErrorCallback)
    HAL_UART_IRQHandler                      0x08004bbd   Thumb Code   372  stm32f7xx_hal_uart.o(i.HAL_UART_IRQHandler)
    HAL_UART_Init                            0x08004d35   Thumb Code   106  stm32f7xx_hal_uart.o(i.HAL_UART_Init)
    HAL_UART_MspInit                         0x08004da1   Thumb Code   244  stm32f7xx_hal_msp.o(i.HAL_UART_MspInit)
    HAL_UART_Receive_IT                      0x08004eb5   Thumb Code   142  stm32f7xx_hal_uart.o(i.HAL_UART_Receive_IT)
    HAL_UART_RxCpltCallback                  0x08004f45   Thumb Code    56  uart3.o(i.HAL_UART_RxCpltCallback)
    HAL_UART_Transmit_IT                     0x08004f8d   Thumb Code    66  stm32f7xx_hal_uart.o(i.HAL_UART_Transmit_IT)
    HAL_UART_TxCpltCallback                  0x08004fd1   Thumb Code    70  uart3.o(i.HAL_UART_TxCpltCallback)
    HardFault_Handler                        0x08005025   Thumb Code     8  stm32f7xx_it.o(i.HardFault_Handler)
    HardWare_Init                            0x08005045   Thumb Code    58  main.o(i.HardWare_Init)
    I2C1_EV_IRQHandler                       0x08005081   Thumb Code     6  stm32f7xx_it.o(i.I2C1_EV_IRQHandler)
    I2C2_EV_IRQHandler                       0x0800508d   Thumb Code     6  stm32f7xx_it.o(i.I2C2_EV_IRQHandler)
    I2C3_EV_IRQHandler                       0x08005099   Thumb Code     6  stm32f7xx_it.o(i.I2C3_EV_IRQHandler)
    I2C4_EV_IRQHandler                       0x080050a5   Thumb Code     6  stm32f7xx_it.o(i.I2C4_EV_IRQHandler)
    I2S2_M1RxCpltCallback                    0x080050b1   Thumb Code    56  i2s2.o(i.I2S2_M1RxCpltCallback)
    I2S2_RxCpltCallback                      0x080050f1   Thumb Code    56  i2s2.o(i.I2S2_RxCpltCallback)
    Inc_ip_id                                0x080051c9   Thumb Code    10  udp_api.o(i.Inc_ip_id)
    Led2_Set                                 0x080051d9   Thumb Code    18  led.o(i.Led2_Set)
    Led_Test                                 0x080051f1   Thumb Code    42  led.o(i.Led_Test)
    Link_Callback                            0x08005221   Thumb Code    30  ethernetif.o(i.Link_Callback)
    MP2_Encode                               0x08005245   Thumb Code    56  mp2.o(i.MP2_Encode)
    MP2_init                                 0x0800529d   Thumb Code    54  mp2.o(i.MP2_init)
    MPA_encode_frame                         0x08005301   Thumb Code   218  mpegaudioenc.o(i.MPA_encode_frame)
    MPA_encode_init                          0x080053e1   Thumb Code   654  mpegaudioenc.o(i.MPA_encode_init)
    MX_DMA_Init                              0x08005741   Thumb Code    88  dma.o(i.MX_DMA_Init)
    MX_I2S2_Init                             0x0800579d   Thumb Code    76  i2s2.o(i.MX_I2S2_Init)
    MX_IO_Init                               0x08005811   Thumb Code   448  main.o(i.MX_IO_Init)
    MX_KEY_Init                              0x080059f1   Thumb Code    70  key.o(i.MX_KEY_Init)
    MX_LED_Init                              0x08005a45   Thumb Code    56  led.o(i.MX_LED_Init)
    MX_SPI1_Init                             0x08005a85   Thumb Code    78  spi1.o(i.MX_SPI1_Init)
    MX_SPI5_Init                             0x08005af5   Thumb Code   174  spi5.o(i.MX_SPI5_Init)
    MX_TIM3_Init                             0x08005bd5   Thumb Code    66  pollint.o(i.MX_TIM3_Init)
    MX_USART2_UART_Init                      0x08005c35   Thumb Code    84  uart2.o(i.MX_USART2_UART_Init)
    MX_USART3_UART_Init                      0x08005cad   Thumb Code    76  uart3.o(i.MX_USART3_UART_Init)
    MemManage_Handler                        0x08005d1d   Thumb Code     8  stm32f7xx_it.o(i.MemManage_Handler)
    NMI_Handler                              0x08005d3d   Thumb Code     6  stm32f7xx_it.o(i.NMI_Handler)
    PackAudioTs                              0x08005d7d   Thumb Code    84  tsmux.o(i.PackAudioTs)
    PackVideoTs                              0x08005dd9   Thumb Code    74  tsmux.o(i.PackVideoTs)
    PendSV_Handler                           0x08005e31   Thumb Code     2  stm32f7xx_it.o(i.PendSV_Handler)
    PollintEth                               0x08005e9d   Thumb Code    20  ethernetif.o(i.PollintEth)
    PushEvt_EvtPar                           0x08005eb1   Thumb Code    18  eventmanage.o(i.PushEvt_EvtPar)
    PushEvt_OnlyEvt                          0x08005ec3   Thumb Code     6  eventmanage.o(i.PushEvt_OnlyEvt)
    ReadEvent                                0x08005ec9   Thumb Code     8  eventmanage.o(i.ReadEvent)
    SPI1_Communicate                         0x08005ed1   Thumb Code    54  spi1.o(i.SPI1_Communicate)
    SPI1_IRQHandler                          0x08005f11   Thumb Code     6  stm32f7xx_it.o(i.SPI1_IRQHandler)
    SPI1_RxCpltCallback                      0x08005f1d   Thumb Code    20  spi1.o(i.SPI1_RxCpltCallback)
    SPI1_TxCpltCallback                      0x08005f35   Thumb Code     2  spi1.o(i.SPI1_TxCpltCallback)
    SPI2_IRQHandler                          0x08005f39   Thumb Code     6  stm32f7xx_it.o(i.SPI2_IRQHandler)
    SPI5_M1RxCpltCallback                    0x08005f45   Thumb Code    94  spi5.o(i.SPI5_M1RxCpltCallback)
    SPI5_RxCpltCallback                      0x08005fad   Thumb Code    96  spi5.o(i.SPI5_RxCpltCallback)
    SVC_Handler                              0x080064cb   Thumb Code     2  stm32f7xx_it.o(i.SVC_Handler)
    Salve_deal_es                            0x080064cd   Thumb Code   340  spi5.o(i.Salve_deal_es)
    SetSwitchFlag                            0x08006659   Thumb Code    10  mboot.o(i.SetSwitchFlag)
    SetWorkMode                              0x08006669   Thumb Code     6  power.o(i.SetWorkMode)
    Set_remoteLwip_udp_link                  0x08006675   Thumb Code    16  udp_api.o(i.Set_remoteLwip_udp_link)
    Start_Audio_Frame                        0x08006689   Thumb Code     8  tsmux.o(i.Start_Audio_Frame)
    Start_TS_Frame                           0x08006695   Thumb Code    52  tsmux.o(i.Start_TS_Frame)
    SysTick_Handler                          0x080066d1   Thumb Code    18  stm32f7xx_it.o(i.SysTick_Handler)
    SystemClock_Config                       0x080066e5   Thumb Code   206  main.o(i.SystemClock_Config)
    SystemInit                               0x080067c1   Thumb Code    68  system_stm32f7xx.o(i.SystemInit)
    TIM3_IRQHandler                          0x08006815   Thumb Code    16  stm32f7xx_it.o(i.TIM3_IRQHandler)
    TIM_Base_SetConfig                       0x08006829   Thumb Code   158  stm32f7xx_hal_tim.o(i.TIM_Base_SetConfig)
    Timer3_irq_fun                           0x080068f5   Thumb Code     8  pollint.o(i.Timer3_irq_fun)
    TimerTickNproc                           0x08006901   Thumb Code     8  pollint.o(i.TimerTickNproc)
    UART4_IRQHandler                         0x08006915   Thumb Code     6  stm32f7xx_it.o(i.UART4_IRQHandler)
    UART_AdvFeatureConfig                    0x08006921   Thumb Code   200  stm32f7xx_hal_uart.o(i.UART_AdvFeatureConfig)
    UART_CheckIdleState                      0x080069e9   Thumb Code    64  stm32f7xx_hal_uart.o(i.UART_CheckIdleState)
    UART_SetConfig                           0x08006ad1   Thumb Code   550  stm32f7xx_hal_uart.o(i.UART_SetConfig)
    UART_WaitOnFlagUntilTimeout              0x08006d29   Thumb Code   100  stm32f7xx_hal_uart.o(i.UART_WaitOnFlagUntilTimeout)
    USART2_IRQHandler                        0x08006dd1   Thumb Code     6  stm32f7xx_it.o(i.USART2_IRQHandler)
    USART2_Putbuf                            0x08006ddd   Thumb Code    26  uart2.o(i.USART2_Putbuf)
    USART2_Putchar                           0x08006df9   Thumb Code    60  uart2.o(i.USART2_Putchar)
    USART2_Rx_Deal                           0x08006e3d   Thumb Code    38  uart2.o(i.USART2_Rx_Deal)
    USART2_Tx_Deal                           0x08006e6d   Thumb Code    46  uart2.o(i.USART2_Tx_Deal)
    USART3_CheckSerial                       0x08006ea5   Thumb Code   204  uart3.o(i.USART3_CheckSerial)
    USART3_IRQHandler                        0x08006f81   Thumb Code    16  stm32f7xx_it.o(i.USART3_IRQHandler)
    USART3_IRQ_Deal                          0x08006f95   Thumb Code     2  uart3.o(i.USART3_IRQ_Deal)
    USART3_Putchar                           0x08006f99   Thumb Code    62  uart3.o(i.USART3_Putchar)
    USART3_RxReaddy                          0x08006fdd   Thumb Code    32  uart3.o(i.USART3_RxReaddy)
    USART6_IRQHandler                        0x08007001   Thumb Code     6  stm32f7xx_it.o(i.USART6_IRQHandler)
    UsageFault_Handler                       0x0800700d   Thumb Code     8  stm32f7xx_it.o(i.UsageFault_Handler)
    WriteEvent                               0x08007031   Thumb Code     8  eventmanage.o(i.WriteEvent)
    Write_GPIOA_Pin4                         0x08007039   Thumb Code    18  spi1.o(i.Write_GPIOA_Pin4)
    _Error_Handler                           0x08007051   Thumb Code     2  main.o(i._Error_Handler)
    __0fprintf                               0x08007055   Thumb Code    22  printfa.o(i.__0fprintf)
    __1fprintf                               0x08007055   Thumb Code     0  printfa.o(i.__0fprintf)
    __2fprintf                               0x08007055   Thumb Code     0  printfa.o(i.__0fprintf)
    __c89fprintf                             0x08007055   Thumb Code     0  printfa.o(i.__0fprintf)
    fprintf                                  0x08007055   Thumb Code     0  printfa.o(i.__0fprintf)
    __0printf                                0x08007071   Thumb Code    22  printfa.o(i.__0printf)
    __1printf                                0x08007071   Thumb Code     0  printfa.o(i.__0printf)
    __2printf                                0x08007071   Thumb Code     0  printfa.o(i.__0printf)
    __c89printf                              0x08007071   Thumb Code     0  printfa.o(i.__0printf)
    printf                                   0x08007071   Thumb Code     0  printfa.o(i.__0printf)
    __0snprintf                              0x08007091   Thumb Code    36  printfa.o(i.__0snprintf)
    __1snprintf                              0x08007091   Thumb Code     0  printfa.o(i.__0snprintf)
    __2snprintf                              0x08007091   Thumb Code     0  printfa.o(i.__0snprintf)
    __c89snprintf                            0x08007091   Thumb Code     0  printfa.o(i.__0snprintf)
    snprintf                                 0x08007091   Thumb Code     0  printfa.o(i.__0snprintf)
    __0vsnprintf                             0x080070b9   Thumb Code    32  printfa.o(i.__0vsnprintf)
    __1vsnprintf                             0x080070b9   Thumb Code     0  printfa.o(i.__0vsnprintf)
    __2vsnprintf                             0x080070b9   Thumb Code     0  printfa.o(i.__0vsnprintf)
    __c89vsnprintf                           0x080070b9   Thumb Code     0  printfa.o(i.__0vsnprintf)
    vsnprintf                                0x080070b9   Thumb Code     0  printfa.o(i.__0vsnprintf)
    __ARM_fpclassify                         0x080070dd   Thumb Code    48  fpclassify.o(i.__ARM_fpclassify)
    __hardfp_floor                           0x08007111   Thumb Code   214  floor.o(i.__hardfp_floor)
    __hardfp_pow                             0x08007201   Thumb Code  2116  pow.o(i.__hardfp_pow)
    __kernel_poly                            0x08007ad9   Thumb Code   112  poly.o(i.__kernel_poly)
    malloc                                   0x08007b49   Thumb Code    64  mallocr.o(i.__malloc$realloc)
    __mathlib_dbl_divzero                    0x08007b99   Thumb Code    14  dunder.o(i.__mathlib_dbl_divzero)
    __mathlib_dbl_infnan2                    0x08007bb9   Thumb Code     6  dunder.o(i.__mathlib_dbl_infnan2)
    __mathlib_dbl_invalid                    0x08007bc1   Thumb Code    10  dunder.o(i.__mathlib_dbl_invalid)
    __mathlib_dbl_overflow                   0x08007bd9   Thumb Code    10  dunder.o(i.__mathlib_dbl_overflow)
    __mathlib_dbl_underflow                  0x08007bf1   Thumb Code    10  dunder.o(i.__mathlib_dbl_underflow)
    __scatterload_copy                       0x08007c09   Thumb Code    14  handlers.o(i.__scatterload_copy)
    __scatterload_null                       0x08007c17   Thumb Code     2  handlers.o(i.__scatterload_null)
    __scatterload_zeroinit                   0x08007c19   Thumb Code    14  handlers.o(i.__scatterload_zeroinit)
    __set_errno                              0x08007c29   Thumb Code     6  errno.o(i.__set_errno)
    audio_mpegts_start_packet                0x080084dd   Thumb Code   292  tsmux.o(i.audio_mpegts_start_packet)
    av_log                                   0x08008601   Thumb Code    18  log.o(i.av_log)
    av_log_default_callback                  0x08008615   Thumb Code   172  log.o(i.av_log_default_callback)
    av_malloc                                0x08008701   Thumb Code    14  mem.o(i.av_malloc)
    av_vlog                                  0x08008715   Thumb Code    12  log.o(i.av_vlog)
    avcodec_alloc_frame                      0x08008725   Thumb Code    24  mpegaudio.o(i.avcodec_alloc_frame)
    avcodec_get_frame_defaults               0x0800873d   Thumb Code    26  mpegaudio.o(i.avcodec_get_frame_defaults)
    config_CheckStatus                       0x08008a35   Thumb Code    84  config_env.o(i.config_CheckStatus)
    config_env_init                          0x08008a8d   Thumb Code    40  config_env.o(i.config_env_init)
    delayms_Lock                             0x08008ad5   Thumb Code    24  pollint.o(i.delayms_Lock)
    eth_irq_input                            0x08008e0d   Thumb Code    78  ethernetif.o(i.eth_irq_input)
    ethernetif_init                          0x08008e61   Thumb Code    90  ethernetif.o(i.ethernetif_init)
    ethernetif_mac_conf                      0x08008ed1   Thumb Code    12  ethernetif.o(i.ethernetif_mac_conf)
    fabs                                     0x08008ee9   Thumb Code    24  fabs.o(i.fabs)
    ff_mpa_l2_select_table                   0x08008f01   Thumb Code    64  mpegaudio.o(i.ff_mpa_l2_select_table)
    fputc                                    0x080090a5   Thumb Code    12  uart3.o(i.fputc)
    fputs                                    0x080090b1   Thumb Code    24  fputs.o(i.fputs)
    get_remoteLwip_udp_link                  0x080090c9   Thumb Code     6  udp_api.o(i.get_remoteLwip_udp_link)
    getenPollint                             0x080090e7   Thumb Code     2  spi1.o(i.getenPollint)
    key_Scan                                 0x08009395   Thumb Code    54  key.o(i.key_Scan)
    main                                     0x08009411   Thumb Code    92  main.o(i.main)
    mpegts_normal_packet                     0x08009481   Thumb Code   228  tsmux.o(i.mpegts_normal_packet)
    mpegts_start_packet                      0x08009565   Thumb Code   296  tsmux.o(i.mpegts_start_packet)
    nicIP                                    0x0800968d   Thumb Code   138  udp_api.o(i.nicIP)
    pollint                                  0x08009739   Thumb Code    48  pollint.o(i.pollint)
    pollintTim3                              0x08009769   Thumb Code    52  pollint.o(i.pollintTim3)
    pollint_Audio_TS                         0x080097a5   Thumb Code    56  mp2.o(i.pollint_Audio_TS)
    pollint_i2s_slave                        0x080097e5   Thumb Code   142  i2s2.o(i.pollint_i2s_slave)
    pollint_spi_slave                        0x08009881   Thumb Code   132  spi5.o(i.pollint_spi_slave)
    pollint_spi_transmit                     0x0800990d   Thumb Code    50  uart2.o(i.pollint_spi_transmit)
    powerReset                               0x08009949   Thumb Code    14  power.o(i.powerReset)
    romflash_clean_pages                     0x080099d9   Thumb Code    88  romflash.o(i.romflash_clean_pages)
    romflash_pages_write                     0x08009a85   Thumb Code    70  romflash.o(i.romflash_pages_write)
    setenPollint                             0x08009be7   Thumb Code     2  spi1.o(i.setenPollint)
    sqrt                                     0x08009be9   Thumb Code   106  sqrt.o(i.sqrt)
    tsMux_init                               0x08009c55   Thumb Code   100  tsmux.o(i.tsMux_init)
    udp_GetState                             0x08009cc1   Thumb Code     6  ethernetif.o(i.udp_GetState)
    udp_Send_Pack                            0x08009ccd   Thumb Code   128  udp_api.o(i.udp_Send_Pack)
    udp_TimerTick                            0x08009d55   Thumb Code    16  udp_api.o(i.udp_TimerTick)
    udp_echoclient_connect                   0x08009d69   Thumb Code   162  udp_api.o(i.udp_echoclient_connect)
    udp_ts_output                            0x08009e1d   Thumb Code    86  ethernetif.o(i.udp_ts_output)
    udp_ts_output2                           0x08009e99   Thumb Code   154  ethernetif.o(i.udp_ts_output2)
    AHBPrescTable                            0x08009fcc   Data          16  system_stm32f7xx.o(.constdata)
    APBPrescTable                            0x08009fdc   Data           8  system_stm32f7xx.o(.constdata)
    videoSPS                                 0x08009fe4   Data          81  tsmux.o(.constdata)
    test_enc_input_buffer                    0x0800a03e   Data        4608  mp2.o(.constdata)
    ff_mpa_bitrate_tab                       0x0800b23e   Data         180  mpegaudiodata.o(.constdata)
    ff_mpa_freq_tab                          0x0800b2f2   Data           6  mpegaudiodata.o(.constdata)
    ff_mpa_enwindow                          0x0800b2f8   Data        1028  mpegaudiodata.o(.constdata)
    ff_mpa_sblimit_table                     0x0800b6fc   Data          20  mpegaudiodata.o(.constdata)
    ff_mpa_quant_steps                       0x0800b710   Data          68  mpegaudiodata.o(.constdata)
    ff_mpa_quant_bits                        0x0800b754   Data          68  mpegaudiodata.o(.constdata)
    ff_mpa_alloc_tables                      0x0800b9f8   Data          20  mpegaudiodata.o(.constdata)
    ff_log2_tab                              0x0800bbac   Data         256  mathematics.o(.constdata)
    __mathlib_zero                           0x0800bd38   Data           8  qnan.o(.constdata)
    Region$$Table$$Base                      0x0800bd40   Number         0  anon$$obj.o(Region$$Table)
    Region$$Table$$Limit                     0x0800bd60   Number         0  anon$$obj.o(Region$$Table)
    KeyScanCode                              0x20000004   Data           1  key.o(.data)
    Fpga_Write_Data                          0x2000000b   Data           4  spi1.o(.data)
    Fpga_Read_Data                           0x2000000f   Data           4  spi1.o(.data)
    ISR_IO_FLAG                              0x20000018   Data           1  spi5.o(.data)
    spi_lock                                 0x20000019   Data           1  spi5.o(.data)
    Spi_Trans_Flag                           0x20000038   Data           1  uart2.o(.data)
    Spi_Trans_Count                          0x2000003a   Data           2  uart2.o(.data)
    audio_Write                              0x2000004c   Data           1  i2s2.o(.data)
    audio_Read                               0x2000004d   Data           1  i2s2.o(.data)
    i2s_lock                                 0x2000004e   Data           1  i2s2.o(.data)
    MACAddr                                  0x20000052   Data           6  ethernetif.o(.data)
    SystemCoreClock                          0x20000058   Data           4  system_stm32f7xx.o(.data)
    av_state                                 0x20000079   Data           1  tsmux.o(.data)
    uwTick                                   0x20000200   Data           4  stm32f7xx_hal.o(.data)
    mp2_Stream                               0x20000204   Data           6  mp2.o(.data)
    av_log_level                             0x2000020c   Data           4  log.o(.data)
    __stderr                                 0x2000021c   Data           4  stderr.o(.data)
    __stdout                                 0x20000220   Data           4  stdout.o(.data)
    __microlib_freelist                      0x20000224   Data           4  mvars.o(.data)
    __microlib_freelist_initialised          0x20000228   Data           4  mvars.o(.data)
    hi2c1                                    0x20000230   Data          76  i2c1.o(.bss)
    hi2c2                                    0x2000027c   Data          76  i2c2.o(.bss)
    hi2c3                                    0x200002c8   Data          76  i2c3.o(.bss)
    hi2c4                                    0x20000314   Data          76  i2c4.o(.bss)
    hspi1                                    0x20000360   Data         100  spi1.o(.bss)
    hdma_spi1_tx                             0x200003c4   Data          96  spi1.o(.bss)
    hspi5                                    0x20000424   Data         100  spi5.o(.bss)
    hdma_spi5_rx                             0x20000488   Data          96  spi5.o(.bss)
    g_es_stream                              0x20000510   Data       23552  spi5.o(.bss)
    huart2                                   0x20006110   Data         112  uart2.o(.bss)
    huart4                                   0x2000619c   Data         112  uart4.o(.bss)
    huart6                                   0x2000620c   Data         112  uart6.o(.bss)
    hi2s2                                    0x2000627c   Data          64  i2s2.o(.bss)
    hdma_i2s2_rx                             0x200062bc   Data          96  i2s2.o(.bss)
    i2s2_rx_buf                              0x2000631c   Data       36864  i2s2.o(.bss)
    pcm_buf                                  0x2000f31c   Data        4608  i2s2.o(.bss)
    huart3                                   0x2001051c   Data         112  uart3.o(.bss)
    DMARxDscrTab                             0x200127a4   Data          32  ethernetif.o(.bss)
    DMATxDscrTab                             0x200127c4   Data        1536  ethernetif.o(.bss)
    Rx_Buff                                  0x20012dc4   Data         450  ethernetif.o(.bss)
    Tx_Buff                                  0x20012f88   Data       21600  ethernetif.o(.bss)
    heth                                     0x200183e8   Data          72  ethernetif.o(.bss)
    htim3                                    0x20018448   Data          64  pollint.o(.bss)
    netUdpPack                               0x20018488   Data          42  udp_api.o(.bss)
    netif_par                                0x200184f2   Data          20  config_env.o(.bss)
    netif_remote_par                         0x20018506   Data          14  config_env.o(.bss)
    FactoryReg                               0x20018514   Data         512  config_env.o(.bss)
    UserReg                                  0x20018714   Data         512  config_env.o(.bss)
    FPGADatBuf                               0x20018914   Data         256  config_env.o(.bss)
    av_ts_stream                             0x20018a18   Data          12  tsmux.o(.bss)
    pFlash                                   0x20018ac8   Data          28  stm32f7xx_hal_flash.o(.bss)
    avctx                                    0x2001a6e8   Data         872  mp2.o(.bss)
    audioctx                                 0x2001aa50   Data          88  mp2.o(.bss)
    gpb                                      0x2001aaa8   Data          24  mpegaudiodata.o(.bss)
    samples_buf                              0x2001aac0   Data        8192  mpegaudiodata.o(.bss)
    scale_factors                            0x2001cac0   Data         192  mpegaudiodata.o(.bss)
    sb_samples                               0x2001cb80   Data        9216  mpegaudiodata.o(.bss)
    scale_code                               0x2001ef80   Data          64  mpegaudiodata.o(.bss)
    __heap_base                              0x2001fe28   Data           0  startup_stm32f765xx.o(HEAP)
    __heap_limit                             0x20020028   Data           0  startup_stm32f765xx.o(HEAP)
    __initial_sp                             0x20020428   Data           0  startup_stm32f765xx.o(STACK)



==============================================================================

Memory Map of the image

  Image Entry point : 0x080001f9

  Load Region LR_IROM1 (Base: 0x08000000, Size: 0x0000bf90, Max: 0x00100000, ABSOLUTE, COMPRESSED[0x0000bda0])

    Execution Region ER_IROM1 (Base: 0x08000000, Size: 0x0000bd60, Max: 0x00100000, ABSOLUTE)

    Base Addr    Size         Type   Attr      Idx    E Section Name        Object

    0x08000000   0x000001f8   Data   RO            3    RESET               startup_stm32f765xx.o
    0x080001f8   0x00000000   Code   RO         1013  * .ARM.Collect$$$$00000000  mc_w.l(entry.o)
    0x080001f8   0x00000004   Code   RO         1195    .ARM.Collect$$$$00000001  mc_w.l(entry2.o)
    0x080001fc   0x00000004   Code   RO         1198    .ARM.Collect$$$$00000004  mc_w.l(entry5.o)
    0x08000200   0x00000000   Code   RO         1200    .ARM.Collect$$$$00000008  mc_w.l(entry7b.o)
    0x08000200   0x00000000   Code   RO         1202    .ARM.Collect$$$$0000000A  mc_w.l(entry8b.o)
    0x08000200   0x00000008   Code   RO         1203    .ARM.Collect$$$$0000000B  mc_w.l(entry9a.o)
    0x08000208   0x00000000   Code   RO         1205    .ARM.Collect$$$$0000000D  mc_w.l(entry10a.o)
    0x08000208   0x00000000   Code   RO         1207    .ARM.Collect$$$$0000000F  mc_w.l(entry11a.o)
    0x08000208   0x00000004   Code   RO         1196    .ARM.Collect$$$$00002712  mc_w.l(entry2.o)
    0x0800020c   0x00000024   Code   RO            4    .text               startup_stm32f765xx.o
    0x08000230   0x00000062   Code   RO         1019    .text               mc_w.l(ldiv.o)
    0x08000292   0x00000020   Code   RO         1020    .text               mc_w.l(llushr.o)
    0x080002b2   0x00000040   Code   RO         1023    .text               mc_w.l(memmovea.o)
    0x080002f2   0x00000024   Code   RO         1024    .text               mc_w.l(memseta.o)
    0x08000316   0x0000000e   Code   RO         1025    .text               mc_w.l(strlen.o)
    0x08000324   0x0000001c   Code   RO         1026    .text               mc_w.l(strcmp.o)
    0x08000340   0x0000001a   Code   RO         1027    .text               mc_w.l(memcmp.o)
    0x0800035a   0x00000012   Code   RO         1028    .text               mc_w.l(strcpy.o)
    0x0800036c   0x0000002c   Code   RO         1210    .text               mc_w.l(uidiv.o)
    0x08000398   0x00000062   Code   RO         1211    .text               mc_w.l(uldiv.o)
    0x080003fa   0x00000000   Code   RO         1218    .text               mc_w.l(iusefp.o)
    0x080003fa   0x00000002   Code   RO          207    i.DebugMon_Handler  stm32f7xx_it.o
    0x080003fc   0x00000002   Code   RO          917    i.HAL_I2S_ErrorCallback  stm32f7xx_hal_i2s.o
    0x080003fe   0x00000002   Code   RO          930    i.HAL_I2S_RxHalfCpltCallback  stm32f7xx_hal_i2s.o
    0x08000400   0x00000020   Data   RO          321    .ARM.__AT_0x08000400  mboot.o
    0x08000420   0x0000014e   Code   RO         1219    .text               mf_w.l(dadd.o)
    0x0800056e   0x000000e4   Code   RO         1220    .text               mf_w.l(dmul.o)
    0x08000652   0x000000de   Code   RO         1221    .text               mf_w.l(ddiv.o)
    0x08000730   0x0000002e   Code   RO         1222    .text               mf_w.l(dscalb.o)
    0x0800075e   0x00000030   Code   RO         1223    .text               mf_w.l(dfixul.o)
    0x0800078e   0x00000002   PAD
    0x08000790   0x00000030   Code   RO         1224    .text               mf_w.l(cdrcmple.o)
    0x080007c0   0x00000024   Code   RO         1225    .text               mc_w.l(init.o)
    0x080007e4   0x0000001e   Code   RO         1226    .text               mc_w.l(llshl.o)
    0x08000802   0x00000024   Code   RO         1227    .text               mc_w.l(llsshr.o)
    0x08000826   0x000000ba   Code   RO         1228    .text               mf_w.l(depilogue.o)
    0x080008e0   0x00000056   Code   RO         1234    .text               mc_w.l(__dczerorl2.o)
    0x08000936   0x00000002   PAD
    0x08000938   0x00000020   Code   RO          203    i.BusFault_Handler  stm32f7xx_it.o
    0x08000958   0x00000074   Code   RO          162    i.CPU_CACHE_Enable  main.o
    0x080009cc   0x00000048   Code   RO          240    i.ChangeTime1mSec   pollint.o
    0x08000a14   0x00000018   Code   RO          241    i.ChangeTimeCount_OK  pollint.o
    0x08000a2c   0x00000048   Code   RO          242    i.ChangeTimeUs      pollint.o
    0x08000a74   0x00000008   Code   RO          272    i.ClearAllEvent     eventmanage.o
    0x08000a7c   0x00000018   Code   RO           82    i.Client_flow_state  spi5.o
    0x08000a94   0x0000000c   Code   RO          204    i.DMA1_Stream3_IRQHandler  stm32f7xx_it.o
    0x08000aa0   0x0000000c   Code   RO          205    i.DMA2_Stream3_IRQHandler  stm32f7xx_it.o
    0x08000aac   0x0000000c   Code   RO          206    i.DMA2_Stream5_IRQHandler  stm32f7xx_it.o
    0x08000ab8   0x00000028   Code   RO          392    i.DMA_CalcBaseAndBitshift  stm32f7xx_hal_dma.o
    0x08000ae0   0x00000054   Code   RO          393    i.DMA_CheckFifoParam  stm32f7xx_hal_dma.o
    0x08000b34   0x0000001e   Code   RO          444    i.DMA_MultiBufferSetConfig  stm32f7xx_hal_dma_ex.o
    0x08000b52   0x00000002   PAD
    0x08000b54   0x000000c0   Code   RO          137    i.Decode_OK         uart3.o
    0x08000c14   0x0000002c   Code   RO          293    i.DownloadConfig    config_env.o
    0x08000c40   0x00000050   Code   RO          315    i.DownloadProgram   mboot.o
    0x08000c90   0x0000002e   Code   RO          624    i.ETH_FlushTransmitFIFO  stm32f7xx_hal_eth.o
    0x08000cbe   0x00000002   PAD
    0x08000cc0   0x0000000c   Code   RO          208    i.ETH_IRQHandler    stm32f7xx_it.o
    0x08000ccc   0x00000124   Code   RO          625    i.ETH_MACDMAConfig  stm32f7xx_hal_eth.o
    0x08000df0   0x00000006   Code   RO          209    i.EXTI0_IRQHandler  stm32f7xx_it.o
    0x08000df6   0x00000008   Code   RO          210    i.EXTI9_5_IRQHandler  stm32f7xx_it.o
    0x08000dfe   0x00000002   PAD
    0x08000e00   0x0000002c   Code   RO           83    i.En_RX_Flow_Ctrl   spi5.o
    0x08000e2c   0x00000060   Code   RO          273    i.EventRdWri        eventmanage.o
    0x08000e8c   0x0000005c   Code   RO          613    i.FLASH_Erase_Sector  stm32f7xx_hal_flash_ex.o
    0x08000ee8   0x00000044   Code   RO          614    i.FLASH_MassErase   stm32f7xx_hal_flash_ex.o
    0x08000f2c   0x00000024   Code   RO          774    i.FLASH_Program_Byte  stm32f7xx_hal_flash.o
    0x08000f50   0x0000002c   Code   RO          775    i.FLASH_Program_DoubleWord  stm32f7xx_hal_flash.o
    0x08000f7c   0x00000028   Code   RO          776    i.FLASH_Program_HalfWord  stm32f7xx_hal_flash.o
    0x08000fa4   0x00000028   Code   RO          777    i.FLASH_Program_Word  stm32f7xx_hal_flash.o
    0x08000fcc   0x00000058   Code   RO          778    i.FLASH_SetErrorCode  stm32f7xx_hal_flash.o
    0x08001024   0x00000054   Code   RO          779    i.FLASH_WaitForLastOperation  stm32f7xx_hal_flash.o
    0x08001078   0x000000cc   Code   RO           28    i.GetKey            key.o
    0x08001144   0x000000b0   Code   RO           18    i.GetSector         romflash.o
    0x080011f4   0x0000001c   Code   RO          327    i.GetTSmuxAudioState  tsmux.o
    0x08001210   0x00000010   Code   RO          328    i.GetTSmuxState     tsmux.o
    0x08001220   0x0000000c   Code   RO          283    i.GetWorkMode       power.o
    0x0800122c   0x0000000c   Code   RO          329    i.Get_Audio_enflag  tsmux.o
    0x08001238   0x0000000c   Code   RO           84    i.Get_Spi_Lock      spi5.o
    0x08001244   0x0000000e   Code   RO          445    i.HAL_DMAEx_ChangeMemory  stm32f7xx_hal_dma_ex.o
    0x08001252   0x00000002   PAD
    0x08001254   0x00000990   Code   RO          447    i.HAL_DMAEx_MultiBufferStart_IT  stm32f7xx_hal_dma_ex.o
    0x08001be4   0x0000098c   Code   RO          448    i.HAL_DMAEx_MultiBufferStart_IT_ex  stm32f7xx_hal_dma_ex.o
    0x08002570   0x00000024   Code   RO          396    i.HAL_DMA_Abort_IT  stm32f7xx_hal_dma.o
    0x08002594   0x00000056   Code   RO          397    i.HAL_DMA_DeInit    stm32f7xx_hal_dma.o
    0x080025ea   0x00000006   Code   RO          399    i.HAL_DMA_GetState  stm32f7xx_hal_dma.o
    0x080025f0   0x000001a8   Code   RO          400    i.HAL_DMA_IRQHandler  stm32f7xx_hal_dma.o
    0x08002798   0x000000e4   Code   RO          401    i.HAL_DMA_Init      stm32f7xx_hal_dma.o
    0x0800287c   0x00000016   Code   RO          419    i.HAL_Delay         stm32f7xx_hal.o
    0x08002892   0x00000074   Code   RO          628    i.HAL_ETH_DMARxDescListInit  stm32f7xx_hal_eth.o
    0x08002906   0x00000002   PAD
    0x08002908   0x00000084   Code   RO          629    i.HAL_ETH_DMATxDescListInit  stm32f7xx_hal_eth.o
    0x0800298c   0x00000020   Code   RO          171    i.HAL_ETH_ErrorCallback  ethernetif.o
    0x080029ac   0x0000007e   Code   RO          632    i.HAL_ETH_GetReceivedFrame  stm32f7xx_hal_eth.o
    0x08002a2a   0x00000006   Code   RO          634    i.HAL_ETH_GetState  stm32f7xx_hal_eth.o
    0x08002a30   0x00000076   Code   RO          635    i.HAL_ETH_IRQHandler  stm32f7xx_hal_eth.o
    0x08002aa6   0x00000002   PAD
    0x08002aa8   0x000001ec   Code   RO          636    i.HAL_ETH_Init      stm32f7xx_hal_eth.o
    0x08002c94   0x0000008c   Code   RO          173    i.HAL_ETH_MspInit   ethernetif.o
    0x08002d20   0x00000086   Code   RO          639    i.HAL_ETH_ReadPHYRegister  stm32f7xx_hal_eth.o
    0x08002da6   0x00000002   PAD
    0x08002da8   0x00000024   Code   RO          174    i.HAL_ETH_RxCpltCallback  ethernetif.o
    0x08002dcc   0x00000084   Code   RO          641    i.HAL_ETH_Start     stm32f7xx_hal_eth.o
    0x08002e50   0x0000011c   Code   RO          643    i.HAL_ETH_TransmitFrame  stm32f7xx_hal_eth.o
    0x08002f6c   0x00000024   Code   RO          175    i.HAL_ETH_TxCpltCallback  ethernetif.o
    0x08002f90   0x0000007a   Code   RO          645    i.HAL_ETH_WritePHYRegister  stm32f7xx_hal_eth.o
    0x0800300a   0x00000002   PAD
    0x0800300c   0x00000090   Code   RO          617    i.HAL_FLASHEx_Erase  stm32f7xx_hal_flash_ex.o
    0x0800309c   0x00000014   Code   RO          783    i.HAL_FLASH_Lock    stm32f7xx_hal_flash.o
    0x080030b0   0x00000084   Code   RO          788    i.HAL_FLASH_Program  stm32f7xx_hal_flash.o
    0x08003134   0x00000028   Code   RO          790    i.HAL_FLASH_Unlock  stm32f7xx_hal_flash.o
    0x0800315c   0x00000014   Code   RO           85    i.HAL_GPIO_EXTI_Callback  spi5.o
    0x08003170   0x00000018   Code   RO          765    i.HAL_GPIO_EXTI_IRQHandler  stm32f7xx_hal_gpio.o
    0x08003188   0x000001d8   Code   RO          766    i.HAL_GPIO_Init     stm32f7xx_hal_gpio.o
    0x08003360   0x0000000a   Code   RO          768    i.HAL_GPIO_ReadPin  stm32f7xx_hal_gpio.o
    0x0800336a   0x0000000a   Code   RO          770    i.HAL_GPIO_WritePin  stm32f7xx_hal_gpio.o
    0x08003374   0x0000000c   Code   RO          429    i.HAL_GetTick       stm32f7xx_hal.o
    0x08003380   0x00000010   Code   RO          520    i.HAL_I2C_EV_IRQHandler  stm32f7xx_hal_i2c.o
    0x08003390   0x000000dc   Code   RO          920    i.HAL_I2S_IRQHandler  stm32f7xx_hal_i2s.o
    0x0800346c   0x00000128   Code   RO          921    i.HAL_I2S_Init      stm32f7xx_hal_i2s.o
    0x08003594   0x00000014   Code   RO          153    i.HAL_I2S_M1RxCpltCallback  spi_common.o
    0x080035a8   0x0000012c   Code   RO          192    i.HAL_I2S_MspInit   stm32f7xx_hal_msp.o
    0x080036d4   0x000000d0   Code   RO          926    i.HAL_I2S_Receive_2DMA_EX  stm32f7xx_hal_i2s.o
    0x080037a4   0x00000014   Code   RO          154    i.HAL_I2S_RxCpltCallback  spi_common.o
    0x080037b8   0x00000002   Code   RO          934    i.HAL_I2S_TxCpltCallback  stm32f7xx_hal_i2s.o
    0x080037ba   0x00000002   PAD
    0x080037bc   0x00000010   Code   RO          433    i.HAL_IncTick       stm32f7xx_hal.o
    0x080037cc   0x00000016   Code   RO          434    i.HAL_Init          stm32f7xx_hal.o
    0x080037e2   0x00000002   PAD
    0x080037e4   0x00000028   Code   RO          435    i.HAL_InitTick      stm32f7xx_hal.o
    0x0800380c   0x00000058   Code   RO          193    i.HAL_MspInit       stm32f7xx_hal_msp.o
    0x08003864   0x00000016   Code   RO          596    i.HAL_NVIC_EnableIRQ  stm32f7xx_hal_cortex.o
    0x0800387a   0x00000002   PAD
    0x0800387c   0x00000040   Code   RO          602    i.HAL_NVIC_SetPriority  stm32f7xx_hal_cortex.o
    0x080038bc   0x00000024   Code   RO          603    i.HAL_NVIC_SetPriorityGrouping  stm32f7xx_hal_cortex.o
    0x080038e0   0x0000006c   Code   RO          509    i.HAL_PWREx_EnableOverDrive  stm32f7xx_hal_pwr_ex.o
    0x0800394c   0x00000504   Code   RO          797    i.HAL_RCCEx_PeriphCLKConfig  stm32f7xx_hal_rcc_ex.o
    0x08003e50   0x00000114   Code   RO          356    i.HAL_RCC_ClockConfig  stm32f7xx_hal_rcc.o
    0x08003f64   0x0000000c   Code   RO          361    i.HAL_RCC_GetHCLKFreq  stm32f7xx_hal_rcc.o
    0x08003f70   0x00000020   Code   RO          363    i.HAL_RCC_GetPCLK1Freq  stm32f7xx_hal_rcc.o
    0x08003f90   0x00000020   Code   RO          364    i.HAL_RCC_GetPCLK2Freq  stm32f7xx_hal_rcc.o
    0x08003fb0   0x00000060   Code   RO          365    i.HAL_RCC_GetSysClockFreq  stm32f7xx_hal_rcc.o
    0x08004010   0x0000033c   Code   RO          368    i.HAL_RCC_OscConfig  stm32f7xx_hal_rcc.o
    0x0800434c   0x00000014   Code   RO           86    i.HAL_SPI_ErrorCallback  spi5.o
    0x08004360   0x00000006   Code   RO          858    i.HAL_SPI_GetState  stm32f7xx_hal_spi.o
    0x08004366   0x00000002   PAD
    0x08004368   0x000000d8   Code   RO          859    i.HAL_SPI_IRQHandler  stm32f7xx_hal_spi.o
    0x08004440   0x000000c4   Code   RO          860    i.HAL_SPI_Init      stm32f7xx_hal_spi.o
    0x08004504   0x00000014   Code   RO          155    i.HAL_SPI_M1RxCpltCallback  spi_common.o
    0x08004518   0x000001ac   Code   RO          195    i.HAL_SPI_MspInit   stm32f7xx_hal_msp.o
    0x080046c4   0x000000fc   Code   RO          865    i.HAL_SPI_Receive_2DMA_ex  stm32f7xx_hal_spi.o
    0x080047c0   0x00000014   Code   RO          156    i.HAL_SPI_RxCpltCallback  spi_common.o
    0x080047d4   0x000000c8   Code   RO          874    i.HAL_SPI_TransmitReceive_IT  stm32f7xx_hal_spi.o
    0x0800489c   0x00000094   Code   RO          876    i.HAL_SPI_Transmit_IT  stm32f7xx_hal_spi.o
    0x08004930   0x00000014   Code   RO          157    i.HAL_SPI_TxCpltCallback  spi_common.o
    0x08004944   0x00000014   Code   RO          158    i.HAL_SPI_TxRxCpltCallback  spi_common.o
    0x08004958   0x00000018   Code   RO          605    i.HAL_SYSTICK_CLKSourceConfig  stm32f7xx_hal_cortex.o
    0x08004970   0x00000002   Code   RO          606    i.HAL_SYSTICK_Callback  stm32f7xx_hal_cortex.o
    0x08004972   0x00000026   Code   RO          607    i.HAL_SYSTICK_Config  stm32f7xx_hal_cortex.o
    0x08004998   0x00000008   Code   RO          608    i.HAL_SYSTICK_IRQHandler  stm32f7xx_hal_cortex.o
    0x080049a0   0x00000002   Code   RO          452    i.HAL_TIMEx_BreakCallback  stm32f7xx_hal_tim_ex.o
    0x080049a2   0x00000002   Code   RO          453    i.HAL_TIMEx_CommutationCallback  stm32f7xx_hal_tim_ex.o
    0x080049a4   0x00000036   Code   RO          658    i.HAL_TIM_Base_Init  stm32f7xx_hal_tim.o
    0x080049da   0x00000002   PAD
    0x080049dc   0x0000003c   Code   RO          197    i.HAL_TIM_Base_MspInit  stm32f7xx_hal_msp.o
    0x08004a18   0x00000018   Code   RO          663    i.HAL_TIM_Base_Start_IT  stm32f7xx_hal_tim.o
    0x08004a30   0x00000002   Code   RO          687    i.HAL_TIM_IC_CaptureCallback  stm32f7xx_hal_tim.o
    0x08004a32   0x0000017e   Code   RO          700    i.HAL_TIM_IRQHandler  stm32f7xx_hal_tim.o
    0x08004bb0   0x00000002   Code   RO          703    i.HAL_TIM_OC_DelayElapsedCallback  stm32f7xx_hal_tim.o
    0x08004bb2   0x00000002   Code   RO          730    i.HAL_TIM_PWM_PulseFinishedCallback  stm32f7xx_hal_tim.o
    0x08004bb4   0x00000002   Code   RO          243    i.HAL_TIM_PeriodElapsedCallback  pollint.o
    0x08004bb6   0x00000002   Code   RO          741    i.HAL_TIM_TriggerCallback  stm32f7xx_hal_tim.o
    0x08004bb8   0x00000002   Code   RO          816    i.HAL_UART_ErrorCallback  stm32f7xx_hal_uart.o
    0x08004bba   0x00000002   PAD
    0x08004bbc   0x00000178   Code   RO          819    i.HAL_UART_IRQHandler  stm32f7xx_hal_uart.o
    0x08004d34   0x0000006a   Code   RO          820    i.HAL_UART_Init     stm32f7xx_hal_uart.o
    0x08004d9e   0x00000002   PAD
    0x08004da0   0x00000114   Code   RO          199    i.HAL_UART_MspInit  stm32f7xx_hal_msp.o
    0x08004eb4   0x0000008e   Code   RO          825    i.HAL_UART_Receive_IT  stm32f7xx_hal_uart.o
    0x08004f42   0x00000002   PAD
    0x08004f44   0x00000048   Code   RO          138    i.HAL_UART_RxCpltCallback  uart3.o
    0x08004f8c   0x00000042   Code   RO          830    i.HAL_UART_Transmit_IT  stm32f7xx_hal_uart.o
    0x08004fce   0x00000002   PAD
    0x08004fd0   0x00000054   Code   RO          139    i.HAL_UART_TxCpltCallback  uart3.o
    0x08005024   0x00000020   Code   RO          211    i.HardFault_Handler  stm32f7xx_it.o
    0x08005044   0x0000003a   Code   RO          163    i.HardWare_Init     main.o
    0x0800507e   0x00000002   PAD
    0x08005080   0x0000000c   Code   RO          212    i.I2C1_EV_IRQHandler  stm32f7xx_it.o
    0x0800508c   0x0000000c   Code   RO          213    i.I2C2_EV_IRQHandler  stm32f7xx_it.o
    0x08005098   0x0000000c   Code   RO          214    i.I2C3_EV_IRQHandler  stm32f7xx_it.o
    0x080050a4   0x0000000c   Code   RO          215    i.I2C4_EV_IRQHandler  stm32f7xx_it.o
    0x080050b0   0x00000040   Code   RO          123    i.I2S2_M1RxCpltCallback  i2s2.o
    0x080050f0   0x00000040   Code   RO          124    i.I2S2_RxCpltCallback  i2s2.o
    0x08005130   0x00000028   Code   RO          936    i.I2S_DMAError      stm32f7xx_hal_i2s.o
    0x08005158   0x00000032   Code   RO          937    i.I2S_DMARxCplt     stm32f7xx_hal_i2s.o
    0x0800518a   0x00000032   Code   RO          938    i.I2S_DMARxCplt_EX  stm32f7xx_hal_i2s.o
    0x080051bc   0x0000000a   Code   RO          939    i.I2S_DMARxHalfCplt  stm32f7xx_hal_i2s.o
    0x080051c6   0x00000002   PAD
    0x080051c8   0x00000010   Code   RO          257    i.Inc_ip_id         udp_api.o
    0x080051d8   0x00000018   Code   RO            9    i.Led2_Set          led.o
    0x080051f0   0x00000030   Code   RO           10    i.Led_Test          led.o
    0x08005220   0x00000024   Code   RO          176    i.Link_Callback     ethernetif.o
    0x08005244   0x00000058   Code   RO          943    i.MP2_Encode        mp2.o
    0x0800529c   0x00000064   Code   RO          944    i.MP2_init          mp2.o
    0x08005300   0x000000e0   Code   RO          971    i.MPA_encode_frame  mpegaudioenc.o
    0x080053e0   0x00000360   Code   RO          972    i.MPA_encode_init   mpegaudioenc.o
    0x08005740   0x0000005c   Code   RO           35    i.MX_DMA_Init       dma.o
    0x0800579c   0x00000074   Code   RO          125    i.MX_I2S2_Init      i2s2.o
    0x08005810   0x000001e0   Code   RO          164    i.MX_IO_Init        main.o
    0x080059f0   0x00000054   Code   RO           29    i.MX_KEY_Init       key.o
    0x08005a44   0x00000040   Code   RO           11    i.MX_LED_Init       led.o
    0x08005a84   0x00000070   Code   RO           60    i.MX_SPI1_Init      spi1.o
    0x08005af4   0x000000e0   Code   RO           87    i.MX_SPI5_Init      spi5.o
    0x08005bd4   0x00000060   Code   RO          244    i.MX_TIM3_Init      pollint.o
    0x08005c34   0x00000078   Code   RO          100    i.MX_USART2_UART_Init  uart2.o
    0x08005cac   0x00000070   Code   RO          140    i.MX_USART3_UART_Init  uart3.o
    0x08005d1c   0x00000020   Code   RO          216    i.MemManage_Handler  stm32f7xx_it.o
    0x08005d3c   0x0000001c   Code   RO          217    i.NMI_Handler       stm32f7xx_it.o
    0x08005d58   0x00000022   Code   RO          609    i.NVIC_SetPriority  stm32f7xx_hal_cortex.o
    0x08005d7a   0x00000002   PAD
    0x08005d7c   0x0000005c   Code   RO          330    i.PackAudioTs       tsmux.o
    0x08005dd8   0x00000058   Code   RO          331    i.PackVideoTs       tsmux.o
    0x08005e30   0x00000002   Code   RO          218    i.PendSV_Handler    stm32f7xx_it.o
    0x08005e32   0x00000002   PAD
    0x08005e34   0x00000068   Code   RO          245    i.Pollint10mSec     pollint.o
    0x08005e9c   0x00000014   Code   RO          177    i.PollintEth        ethernetif.o
    0x08005eb0   0x00000012   Code   RO          274    i.PushEvt_EvtPar    eventmanage.o
    0x08005ec2   0x00000006   Code   RO          275    i.PushEvt_OnlyEvt   eventmanage.o
    0x08005ec8   0x00000008   Code   RO          276    i.ReadEvent         eventmanage.o
    0x08005ed0   0x00000040   Code   RO           61    i.SPI1_Communicate  spi1.o
    0x08005f10   0x0000000c   Code   RO          219    i.SPI1_IRQHandler   stm32f7xx_it.o
    0x08005f1c   0x00000018   Code   RO           63    i.SPI1_RxCpltCallback  spi1.o
    0x08005f34   0x00000002   Code   RO           64    i.SPI1_TxCpltCallback  spi1.o
    0x08005f36   0x00000002   PAD
    0x08005f38   0x0000000c   Code   RO          220    i.SPI2_IRQHandler   stm32f7xx_it.o
    0x08005f44   0x00000068   Code   RO           88    i.SPI5_M1RxCpltCallback  spi5.o
    0x08005fac   0x00000068   Code   RO           89    i.SPI5_RxCpltCallback  spi5.o
    0x08006014   0x00000036   Code   RO          881    i.SPI_2linesRxISR_16BIT  stm32f7xx_hal_spi.o
    0x0800604a   0x00000064   Code   RO          882    i.SPI_2linesRxISR_8BIT  stm32f7xx_hal_spi.o
    0x080060ae   0x00000032   Code   RO          883    i.SPI_2linesTxISR_16BIT  stm32f7xx_hal_spi.o
    0x080060e0   0x00000046   Code   RO          884    i.SPI_2linesTxISR_8BIT  stm32f7xx_hal_spi.o
    0x08006126   0x00000052   Code   RO          887    i.SPI_CloseRxTx_ISR  stm32f7xx_hal_spi.o
    0x08006178   0x0000004c   Code   RO          889    i.SPI_CloseTx_ISR   stm32f7xx_hal_spi.o
    0x080061c4   0x00000056   Code   RO          890    i.SPI_DMA2DReceiveCplt_ex  stm32f7xx_hal_spi.o
    0x0800621a   0x00000012   Code   RO          891    i.SPI_DMAAbortOnError  stm32f7xx_hal_spi.o
    0x0800622c   0x00000022   Code   RO          892    i.SPI_DMAError      stm32f7xx_hal_spi.o
    0x0800624e   0x00000056   Code   RO          897    i.SPI_DMAReceiveCplt_ex  stm32f7xx_hal_spi.o
    0x080062a4   0x00000074   Code   RO          902    i.SPI_EndRxTransaction  stm32f7xx_hal_spi.o
    0x08006318   0x00000048   Code   RO          903    i.SPI_EndRxTxTransaction  stm32f7xx_hal_spi.o
    0x08006360   0x00000020   Code   RO          906    i.SPI_TxISR_16BIT   stm32f7xx_hal_spi.o
    0x08006380   0x0000001e   Code   RO          907    i.SPI_TxISR_8BIT    stm32f7xx_hal_spi.o
    0x0800639e   0x000000a0   Code   RO          908    i.SPI_WaitFifoStateUntilTimeout  stm32f7xx_hal_spi.o
    0x0800643e   0x0000008c   Code   RO          909    i.SPI_WaitFlagStateUntilTimeout  stm32f7xx_hal_spi.o
    0x080064ca   0x00000002   Code   RO          221    i.SVC_Handler       stm32f7xx_it.o
    0x080064cc   0x0000018c   Code   RO           91    i.Salve_deal_es     spi5.o
    0x08006658   0x00000010   Code   RO          317    i.SetSwitchFlag     mboot.o
    0x08006668   0x0000000c   Code   RO          285    i.SetWorkMode       power.o
    0x08006674   0x00000014   Code   RO          258    i.Set_remoteLwip_udp_link  udp_api.o
    0x08006688   0x0000000c   Code   RO          333    i.Start_Audio_Frame  tsmux.o
    0x08006694   0x0000003c   Code   RO          334    i.Start_TS_Frame    tsmux.o
    0x080066d0   0x00000012   Code   RO          222    i.SysTick_Handler   stm32f7xx_it.o
    0x080066e2   0x00000002   PAD
    0x080066e4   0x000000dc   Code   RO          165    i.SystemClock_Config  main.o
    0x080067c0   0x00000054   Code   RO          233    i.SystemInit        system_stm32f7xx.o
    0x08006814   0x00000014   Code   RO          223    i.TIM3_IRQHandler   stm32f7xx_it.o
    0x08006828   0x000000cc   Code   RO          742    i.TIM_Base_SetConfig  stm32f7xx_hal_tim.o
    0x080068f4   0x0000000c   Code   RO          246    i.Timer3_irq_fun    pollint.o
    0x08006900   0x0000000c   Code   RO          247    i.TimerTickNproc    pollint.o
    0x0800690c   0x00000008   Code   RO          259    i.U16_To_HexBuf     udp_api.o
    0x08006914   0x0000000c   Code   RO          224    i.UART4_IRQHandler  stm32f7xx_it.o
    0x08006920   0x000000c8   Code   RO          833    i.UART_AdvFeatureConfig  stm32f7xx_hal_uart.o
    0x080069e8   0x00000040   Code   RO          834    i.UART_CheckIdleState  stm32f7xx_hal_uart.o
    0x08006a28   0x00000014   Code   RO          835    i.UART_DMAAbortOnError  stm32f7xx_hal_uart.o
    0x08006a3c   0x0000001c   Code   RO          841    i.UART_EndRxTransfer  stm32f7xx_hal_uart.o
    0x08006a58   0x00000078   Code   RO          843    i.UART_Receive_IT   stm32f7xx_hal_uart.o
    0x08006ad0   0x00000258   Code   RO          844    i.UART_SetConfig    stm32f7xx_hal_uart.o
    0x08006d28   0x00000064   Code   RO          845    i.UART_WaitOnFlagUntilTimeout  stm32f7xx_hal_uart.o
    0x08006d8c   0x00000044   Code   RO          101    i.USART2_GetRxBufDat  uart2.o
    0x08006dd0   0x0000000c   Code   RO          225    i.USART2_IRQHandler  stm32f7xx_it.o
    0x08006ddc   0x0000001a   Code   RO          102    i.USART2_Putbuf     uart2.o
    0x08006df6   0x00000002   PAD
    0x08006df8   0x00000044   Code   RO          103    i.USART2_Putchar    uart2.o
    0x08006e3c   0x00000030   Code   RO          105    i.USART2_Rx_Deal    uart2.o
    0x08006e6c   0x00000038   Code   RO          106    i.USART2_Tx_Deal    uart2.o
    0x08006ea4   0x000000dc   Code   RO          141    i.USART3_CheckSerial  uart3.o
    0x08006f80   0x00000014   Code   RO          226    i.USART3_IRQHandler  stm32f7xx_it.o
    0x08006f94   0x00000002   Code   RO          142    i.USART3_IRQ_Deal   uart3.o
    0x08006f96   0x00000002   PAD
    0x08006f98   0x00000044   Code   RO          144    i.USART3_Putchar    uart3.o
    0x08006fdc   0x00000024   Code   RO          145    i.USART3_RxReaddy   uart3.o
    0x08007000   0x0000000c   Code   RO          227    i.USART6_IRQHandler  stm32f7xx_it.o
    0x0800700c   0x00000024   Code   RO          228    i.UsageFault_Handler  stm32f7xx_it.o
    0x08007030   0x00000008   Code   RO          277    i.WriteEvent        eventmanage.o
    0x08007038   0x00000018   Code   RO           65    i.Write_GPIOA_Pin4  spi1.o
    0x08007050   0x00000002   Code   RO          166    i._Error_Handler    main.o
    0x08007052   0x00000002   PAD
    0x08007054   0x0000001c   Code   RO         1147    i.__0fprintf        mc_w.l(printfa.o)
    0x08007070   0x00000020   Code   RO         1148    i.__0printf         mc_w.l(printfa.o)
    0x08007090   0x00000028   Code   RO         1149    i.__0snprintf       mc_w.l(printfa.o)
    0x080070b8   0x00000024   Code   RO         1153    i.__0vsnprintf      mc_w.l(printfa.o)
    0x080070dc   0x00000030   Code   RO         1186    i.__ARM_fpclassify  m_wv.l(fpclassify.o)
    0x0800710c   0x00000004   PAD
    0x08007110   0x000000f0   Code   RO         1002    i.__hardfp_floor    m_wv.l(floor.o)
    0x08007200   0x000008d8   Code   RO         1005    i.__hardfp_pow      m_wv.l(pow.o)
    0x08007ad8   0x00000070   Code   RO         1187    i.__kernel_poly     m_wv.l(poly.o)
    0x08007b48   0x00000050   Code   RO         1165    i.__malloc$realloc  mc_w.l(mallocr.o)
    0x08007b98   0x00000020   Code   RO         1176    i.__mathlib_dbl_divzero  m_wv.l(dunder.o)
    0x08007bb8   0x00000006   Code   RO         1178    i.__mathlib_dbl_infnan2  m_wv.l(dunder.o)
    0x08007bbe   0x00000002   PAD
    0x08007bc0   0x00000018   Code   RO         1179    i.__mathlib_dbl_invalid  m_wv.l(dunder.o)
    0x08007bd8   0x00000018   Code   RO         1180    i.__mathlib_dbl_overflow  m_wv.l(dunder.o)
    0x08007bf0   0x00000018   Code   RO         1182    i.__mathlib_dbl_underflow  m_wv.l(dunder.o)
    0x08007c08   0x0000000e   Code   RO         1231    i.__scatterload_copy  mc_w.l(handlers.o)
    0x08007c16   0x00000002   Code   RO         1232    i.__scatterload_null  mc_w.l(handlers.o)
    0x08007c18   0x0000000e   Code   RO         1233    i.__scatterload_zeroinit  mc_w.l(handlers.o)
    0x08007c26   0x00000002   PAD
    0x08007c28   0x0000000c   Code   RO         1216    i.__set_errno       mc_w.l(errno.o)
    0x08007c34   0x00000164   Code   RO         1155    i._fp_digits        mc_w.l(printfa.o)
    0x08007d98   0x000006dc   Code   RO         1156    i._printf_core      mc_w.l(printfa.o)
    0x08008474   0x00000024   Code   RO         1157    i._printf_post_padding  mc_w.l(printfa.o)
    0x08008498   0x0000002e   Code   RO         1158    i._printf_pre_padding  mc_w.l(printfa.o)
    0x080084c6   0x00000016   Code   RO         1159    i._snputc           mc_w.l(printfa.o)
    0x080084dc   0x00000124   Code   RO          335    i.audio_mpegts_start_packet  tsmux.o
    0x08008600   0x00000012   Code   RO          981    i.av_log            log.o
    0x08008612   0x00000002   PAD
    0x08008614   0x000000ec   Code   RO          982    i.av_log_default_callback  log.o
    0x08008700   0x00000014   Code   RO          998    i.av_malloc         mem.o
    0x08008714   0x00000010   Code   RO          986    i.av_vlog           log.o
    0x08008724   0x00000018   Code   RO          952    i.avcodec_alloc_frame  mpegaudio.o
    0x0800873c   0x0000001a   Code   RO          953    i.avcodec_get_frame_defaults  mpegaudio.o
    0x08008756   0x00000002   PAD
    0x08008758   0x000001a0   Code   RO          973    i.compute_bit_allocation  mpegaudioenc.o
    0x080088f8   0x0000013c   Code   RO          974    i.compute_scale_factors  mpegaudioenc.o
    0x08008a34   0x00000058   Code   RO          295    i.config_CheckStatus  config_env.o
    0x08008a8c   0x0000002c   Code   RO          296    i.config_env_init   config_env.o
    0x08008ab8   0x0000001c   Code   RO          147    i.crc_accumulate    uart3.o
    0x08008ad4   0x0000001c   Code   RO          249    i.delayms_Lock      pollint.o
    0x08008af0   0x0000031c   Code   RO          975    i.encode_frame      mpegaudioenc.o
    0x08008e0c   0x00000054   Code   RO          178    i.eth_irq_input     ethernetif.o
    0x08008e60   0x00000070   Code   RO          179    i.ethernetif_init   ethernetif.o
    0x08008ed0   0x00000010   Code   RO          180    i.ethernetif_mac_conf  ethernetif.o
    0x08008ee0   0x00000008   Code   RO          336    i.extend_af         tsmux.o
    0x08008ee8   0x00000018   Code   RO         1185    i.fabs              m_wv.l(fabs.o)
    0x08008f00   0x00000040   Code   RO          954    i.ff_mpa_l2_select_table  mpegaudio.o
    0x08008f40   0x00000164   Code   RO          976    i.filter            mpegaudioenc.o
    0x080090a4   0x0000000c   Code   RO          148    i.fputc             uart3.o
    0x080090b0   0x00000018   Code   RO         1016    i.fputs             mc_w.l(fputs.o)
    0x080090c8   0x0000000c   Code   RO          261    i.get_remoteLwip_udp_link  udp_api.o
    0x080090d4   0x00000012   Code   RO          337    i.get_ts_payload_start  tsmux.o
    0x080090e6   0x00000002   Code   RO           67    i.getenPollint      spi1.o
    0x080090e8   0x0000025c   Code   RO          977    i.idct32            mpegaudioenc.o
    0x08009344   0x00000050   Code   RO         1166    i.internal_alloc    mc_w.l(mallocr.o)
    0x08009394   0x00000036   Code   RO           30    i.key_Scan          key.o
    0x080093ca   0x00000002   PAD
    0x080093cc   0x00000044   Code   RO          303    i.load_Factory_ipPar  config_env.o
    0x08009410   0x00000070   Code   RO          167    i.main              main.o
    0x08009480   0x000000e4   Code   RO          338    i.mpegts_normal_packet  tsmux.o
    0x08009564   0x00000128   Code   RO          339    i.mpegts_start_packet  tsmux.o
    0x0800968c   0x000000ac   Code   RO          262    i.nicIP             udp_api.o
    0x08009738   0x00000030   Code   RO          250    i.pollint           pollint.o
    0x08009768   0x0000003c   Code   RO          251    i.pollintTim3       pollint.o
    0x080097a4   0x00000040   Code   RO          945    i.pollint_Audio_TS  mp2.o
    0x080097e4   0x0000009c   Code   RO          126    i.pollint_i2s_slave  i2s2.o
    0x08009880   0x0000008c   Code   RO           92    i.pollint_spi_slave  spi5.o
    0x0800990c   0x0000003c   Code   RO          107    i.pollint_spi_transmit  uart2.o
    0x08009948   0x00000024   Code   RO          286    i.powerReset        power.o
    0x0800996c   0x0000006c   Code   RO          978    i.put_bits          mpegaudioenc.o
    0x080099d8   0x000000ac   Code   RO           20    i.romflash_clean_pages  romflash.o
    0x08009a84   0x0000009c   Code   RO           23    i.romflash_pages_write  romflash.o
    0x08009b20   0x000000a8   Code   RO          263    i.sendArp           udp_api.o
    0x08009bc8   0x0000001e   Code   RO          340    i.set_af_flag       tsmux.o
    0x08009be6   0x00000002   Code   RO           69    i.setenPollint      spi1.o
    0x08009be8   0x0000006a   Code   RO         1191    i.sqrt              m_wv.l(sqrt.o)
    0x08009c52   0x00000002   PAD
    0x08009c54   0x0000006c   Code   RO          342    i.tsMux_init        tsmux.o
    0x08009cc0   0x0000000c   Code   RO          181    i.udp_GetState      ethernetif.o
    0x08009ccc   0x00000088   Code   RO          264    i.udp_Send_Pack     udp_api.o
    0x08009d54   0x00000014   Code   RO          265    i.udp_TimerTick     udp_api.o
    0x08009d68   0x000000b4   Code   RO          266    i.udp_echoclient_connect  udp_api.o
    0x08009e1c   0x0000007c   Code   RO          182    i.udp_ts_output     ethernetif.o
    0x08009e98   0x000000a0   Code   RO          183    i.udp_ts_output2    ethernetif.o
    0x08009f38   0x0000004e   Code   RO          345    i.write_pcr_bits    tsmux.o
    0x08009f86   0x00000046   Code   RO          346    i.write_pts         tsmux.o
    0x08009fcc   0x00000010   Data   RO          234    .constdata          system_stm32f7xx.o
    0x08009fdc   0x00000008   Data   RO          235    .constdata          system_stm32f7xx.o
    0x08009fe4   0x00000051   Data   RO          348    .constdata          tsmux.o
    0x0800a035   0x00000008   Data   RO          408    .constdata          stm32f7xx_hal_dma.o
    0x0800a03d   0x00000001   PAD
    0x0800a03e   0x00001200   Data   RO          949    .constdata          mp2.o
    0x0800b23e   0x000000b4   Data   RO          960    .constdata          mpegaudiodata.o
    0x0800b2f2   0x00000006   Data   RO          961    .constdata          mpegaudiodata.o
    0x0800b2f8   0x00000404   Data   RO          962    .constdata          mpegaudiodata.o
    0x0800b6fc   0x00000014   Data   RO          963    .constdata          mpegaudiodata.o
    0x0800b710   0x00000044   Data   RO          964    .constdata          mpegaudiodata.o
    0x0800b754   0x00000044   Data   RO          965    .constdata          mpegaudiodata.o
    0x0800b798   0x0000012c   Data   RO          966    .constdata          mpegaudiodata.o
    0x0800b8c4   0x00000070   Data   RO          967    .constdata          mpegaudiodata.o
    0x0800b934   0x000000c4   Data   RO          968    .constdata          mpegaudiodata.o
    0x0800b9f8   0x00000014   Data   RO          969    .constdata          mpegaudiodata.o
    0x0800ba0c   0x000001a0   Data   RO          980    .constdata          mpegaudioenc.o
    0x0800bbac   0x00000100   Data   RO          995    .constdata          mathematics.o
    0x0800bcac   0x00000004   PAD
    0x0800bcb0   0x00000088   Data   RO         1008    .constdata          m_wv.l(pow.o)
    0x0800bd38   0x00000008   Data   RO         1188    .constdata          m_wv.l(qnan.o)
    0x0800bd40   0x00000020   Data   RO         1229    Region$$Table       anon$$obj.o


    Execution Region RW_IRAM1 (Base: 0x20000000, Size: 0x00020428, Max: 0x00080000, ABSOLUTE, COMPRESSED[0x00000040])

    Base Addr    Size         Type   Attr      Idx    E Section Name        Object

    0x20000000   0x00000001   Data   RW           14    .data               led.o
    0x20000001   0x00000001   PAD
    0x20000002   0x00000009   Data   RW           31    .data               key.o
    0x2000000b   0x0000000d   Data   RW           73    .data               spi1.o
    0x20000018   0x00000020   Data   RW           95    .data               spi5.o
    0x20000038   0x00000014   Data   RW          109    .data               uart2.o
    0x2000004c   0x00000006   Data   RW          128    .data               i2s2.o
    0x20000052   0x00000006   Data   RW          185    .data               ethernetif.o
    0x20000058   0x00000004   Data   RW          236    .data               system_stm32f7xx.o
    0x2000005c   0x00000001   Data   RW          253    .data               pollint.o
    0x2000005d   0x00000001   PAD
    0x2000005e   0x00000004   Data   RW          268    .data               udp_api.o
    0x20000062   0x00000002   Data   RW          279    .data               eventmanage.o
    0x20000064   0x00000001   Data   RW          287    .data               power.o
    0x20000065   0x00000003   PAD
    0x20000068   0x0000000c   Data   RW          322    .data               mboot.o
    0x20000074   0x00000004   PAD
    0x20000078   0x00000188   Data   RW          351    .data               tsmux.o
    0x20000200   0x00000004   Data   RW          440    .data               stm32f7xx_hal.o
    0x20000204   0x00000006   Data   RW          951    .data               mp2.o
    0x2000020a   0x00000002   PAD
    0x2000020c   0x00000010   Data   RW          988    .data               log.o
    0x2000021c   0x00000004   Data   RW         1018    .data               mc_w.l(stderr.o)
    0x20000220   0x00000004   Data   RW         1209    .data               mc_w.l(stdout.o)
    0x20000224   0x00000004   Data   RW         1212    .data               mc_w.l(mvars.o)
    0x20000228   0x00000004   Data   RW         1213    .data               mc_w.l(mvars.o)
    0x2000022c   0x00000004   Data   RW         1217    .data               mc_w.l(errno.o)
    0x20000230   0x0000004c   Zero   RW           40    .bss                i2c1.o
    0x2000027c   0x0000004c   Zero   RW           45    .bss                i2c2.o
    0x200002c8   0x0000004c   Zero   RW           50    .bss                i2c3.o
    0x20000314   0x0000004c   Zero   RW           55    .bss                i2c4.o
    0x20000360   0x00000064   Zero   RW           70    .bss                spi1.o
    0x200003c4   0x00000060   Zero   RW           72    .bss                spi1.o
    0x20000424   0x00005cec   Zero   RW           93    .bss                spi5.o
    0x20006110   0x0000008c   Zero   RW          108    .bss                uart2.o
    0x2000619c   0x00000070   Zero   RW          114    .bss                uart4.o
    0x2000620c   0x00000070   Zero   RW          119    .bss                uart6.o
    0x2000627c   0x0000a2a0   Zero   RW          127    .bss                i2s2.o
    0x2001051c   0x00002288   Zero   RW          149    .bss                uart3.o
    0x200127a4   0x00005c8c   Zero   RW          184    .bss                ethernetif.o
    0x20018430   0x00000058   Zero   RW          252    .bss                pollint.o
    0x20018488   0x0000002a   Zero   RW          267    .bss                udp_api.o
    0x200184b2   0x00000040   Zero   RW          278    .bss                eventmanage.o
    0x200184f2   0x00000522   Zero   RW          310    .bss                config_env.o
    0x20018a14   0x00000004   PAD
    0x20018a18   0x000000b0   Zero   RW          347    .bss                tsmux.o
    0x20018ac8   0x0000001c   Zero   RW          791    .bss                stm32f7xx_hal_flash.o
    0x20018ae4   0x00000004   PAD
    0x20018ae8   0x00001fc0   Zero   RW          948    .bss                mp2.o
    0x2001aaa8   0x00000018   Zero   RW          955    .bss                mpegaudiodata.o
    0x2001aac0   0x00002000   Zero   RW          956    .bss                mpegaudiodata.o
    0x2001cac0   0x000000c0   Zero   RW          957    .bss                mpegaudiodata.o
    0x2001cb80   0x00002400   Zero   RW          958    .bss                mpegaudiodata.o
    0x2001ef80   0x00000040   Zero   RW          959    .bss                mpegaudiodata.o
    0x2001efc0   0x00000662   Zero   RW          979    .bss                mpegaudioenc.o
    0x2001f622   0x00000800   Zero   RW          987    .bss                log.o
    0x2001fe22   0x00000006   PAD
    0x2001fe28   0x00000200   Zero   RW            2    HEAP                startup_stm32f765xx.o
    0x20020028   0x00000400   Zero   RW            1    STACK               startup_stm32f765xx.o


==============================================================================

Image component sizes


      Code (inc. data)   RO Data    RW Data    ZI Data      Debug   Object Name

       244         18          0          0       1314          0   config_env.o
        92          4          0          0          0          0   dma.o
       808        196          0          6      23692          0   ethernetif.o
       144          8          0          2         64          0   eventmanage.o
         0          0          0          0         76          0   i2c1.o
         0          0          0          0         76          0   i2c2.o
         0          0          0          0         76          0   i2c3.o
         0          0          0          0         76          0   i2c4.o
       400         70          0          6      41632          0   i2s2.o
       342         22          0          9          0          0   key.o
       136         20          0          1          0          0   led.o
       270         68          0         16       2048          0   log.o
       988         78          0          0          0          0   main.o
         0          0        256          0          0          0   mathematics.o
        96         14         32         12          0          0   mboot.o
        20          6          0          0          0          0   mem.o
       252         86       4608          6       8128          0   mp2.o
       114          0          0          0          0          0   mpegaudio.o
         0          0       1998          0      17688          0   mpegaudiodata.o
      3684        288        416          0       1634          0   mpegaudioenc.o
       530         96          0          1         88          0   pollint.o
        60         34          0          1          0          0   power.o
       504        198          0          0          0          0   romflash.o
       230         54          0         13        196          0   spi1.o
      1088        150          0         32      23788          0   spi5.o
       120         36          0          0          0          0   spi_common.o
        36          8        504          0       1536          0   startup_stm32f765xx.o
       112         18          0          4          0          0   stm32f7xx_hal.o
       228         12          0          0          0          0   stm32f7xx_hal_cortex.o
       904         22          8          0          0          0   stm32f7xx_hal_dma.o
      4936         42          0          0          0          0   stm32f7xx_hal_dma_ex.o
      2000         64          0          0          0          0   stm32f7xx_hal_eth.o
       524         68          0          0         28          0   stm32f7xx_hal_flash.o
       304         22          0          0          0          0   stm32f7xx_hal_flash_ex.o
       516         60          0          0          0          0   stm32f7xx_hal_gpio.o
        16          0          0          0          0          0   stm32f7xx_hal_i2c.o
       880         34          0          0          0          0   stm32f7xx_hal_i2s.o
      1152        204          0          0          0          0   stm32f7xx_hal_msp.o
       108          8          0          0          0          0   stm32f7xx_hal_pwr_ex.o
      1276         74          0          0          0          0   stm32f7xx_hal_rcc.o
      1284         22          0          0          0          0   stm32f7xx_hal_rcc_ex.o
      2224         42          0          0          0          0   stm32f7xx_hal_spi.o
       672         46          0          0          0          0   stm32f7xx_hal_tim.o
         4          0          0          0          0          0   stm32f7xx_hal_tim_ex.o
      1824         74          0          0          0          0   stm32f7xx_hal_uart.o
       394        208          0          0          0          0   stm32f7xx_it.o
        84         16         24          4          0          0   system_stm32f7xx.o
      1436         54         81        392        176          0   tsmux.o
       446         84          0         20        140          0   uart2.o
       826         92          0          0       8840          0   uart3.o
         0          0          0          0        112          0   uart4.o
         0          0          0          0        112          0   uart6.o
       732         90          0          4         42          0   udp_api.o

    ----------------------------------------------------------------------
     33098       2810       7964        540     131576          0   Object Totals
         0          0         32          0          0          0   (incl. Generated)
        58          0          5         11         14          0   (incl. Padding)

    ----------------------------------------------------------------------

      Code (inc. data)   RO Data    RW Data    ZI Data      Debug   Library Member Name

       110         60          0          0          0          0   dunder.o
        24          0          0          0          0          0   fabs.o
       240         26          0          0          0          0   floor.o
        48          0          0          0          0          0   fpclassify.o
       112          0          0          0          0          0   poly.o
      2264        300        136          0          0          0   pow.o
         0          0          8          0          0          0   qnan.o
       106          0          0          0          0          0   sqrt.o
        86          0          0          0          0          0   __dczerorl2.o
         0          0          0          0          0          0   entry.o
         0          0          0          0          0          0   entry10a.o
         0          0          0          0          0          0   entry11a.o
         8          4          0          0          0          0   entry2.o
         4          0          0          0          0          0   entry5.o
         0          0          0          0          0          0   entry7b.o
         0          0          0          0          0          0   entry8b.o
         8          4          0          0          0          0   entry9a.o
        12          6          0          4          0          0   errno.o
        24          0          0          0          0          0   fputs.o
        30          0          0          0          0          0   handlers.o
        36          8          0          0          0          0   init.o
         0          0          0          0          0          0   iusefp.o
        98          0          0          0          0          0   ldiv.o
        30          0          0          0          0          0   llshl.o
        36          0          0          0          0          0   llsshr.o
        32          0          0          0          0          0   llushr.o
       160         20          0          0          0          0   mallocr.o
        26          0          0          0          0          0   memcmp.o
        64          0          0          0          0          0   memmovea.o
        36          0          0          0          0          0   memseta.o
         0          0          0          8          0          0   mvars.o
      2352        104          0          0          0          0   printfa.o
         0          0          0          4          0          0   stderr.o
         0          0          0          4          0          0   stdout.o
        28          0          0          0          0          0   strcmp.o
        18          0          0          0          0          0   strcpy.o
        14          0          0          0          0          0   strlen.o
        44          0          0          0          0          0   uidiv.o
        98          0          0          0          0          0   uldiv.o
        48          0          0          0          0          0   cdrcmple.o
       334          0          0          0          0          0   dadd.o
       222          0          0          0          0          0   ddiv.o
       186          0          0          0          0          0   depilogue.o
        48          0          0          0          0          0   dfixul.o
       228          0          0          0          0          0   dmul.o
        46          0          0          0          0          0   dscalb.o

    ----------------------------------------------------------------------
      7274        532        144         20          0          0   Library Totals
        14          0          0          0          0          0   (incl. Padding)

    ----------------------------------------------------------------------

      Code (inc. data)   RO Data    RW Data    ZI Data      Debug   Library Name

      2904        386        144          0          0          0   m_wv.l
      3244        146          0         20          0          0   mc_w.l
      1112          0          0          0          0          0   mf_w.l

    ----------------------------------------------------------------------
      7274        532        144         20          0          0   Library Totals

    ----------------------------------------------------------------------

==============================================================================


      Code (inc. data)   RO Data    RW Data    ZI Data      Debug   

     40372       3342       8108        560     131576          0   Grand Totals
     40372       3342       8108         64     131576          0   ELF Image Totals (compressed)
     40372       3342       8108         64          0          0   ROM Totals

==============================================================================

    Total RO  Size (Code + RO Data)                48480 (  47.34kB)
    Total RW  Size (RW Data + ZI Data)            132136 ( 129.04kB)
    Total ROM Size (Code + RO Data + RW Data)      48544 (  47.41kB)

==============================================================================

